Component: ARM Compiler 5.05 update 1 (build 106) Tool: armlink [4d0efa]

==============================================================================

Section Cross References

    board.o(i.HAL_Delay) refers to board.o(i.m3_m4_delay_us) for m3_m4_delay_us
    board.o(i.HAL_GetTick) refers to board.o(i.HAL_Delay) for HAL_Delay
    board.o(i.HAL_GetTick) refers to stm32f1xx_hal.o(.data) for uwTick
    board.o(i.HAL_MspInit) refers to stm32f1xx_hal_cortex.o(i.HAL_NVIC_SetPriorityGrouping) for HAL_NVIC_SetPriorityGrouping
    board.o(i.HAL_MspInit) refers to stm32f1xx_hal_cortex.o(i.HAL_NVIC_SetPriority) for HAL_NVIC_SetPriority
    board.o(i.SysTick_Handler) refers to irq.o(i.rt_interrupt_enter) for rt_interrupt_enter
    board.o(i.SysTick_Handler) refers to stm32f1xx_hal.o(i.HAL_IncTick) for HAL_IncTick
    board.o(i.SysTick_Handler) refers to clock.o(i.rt_tick_increase) for rt_tick_increase
    board.o(i.SysTick_Handler) refers to irq.o(i.rt_interrupt_leave) for rt_interrupt_leave
    board.o(i.SystemClock_Config) refers to stm32f1xx_hal_rcc.o(i.HAL_RCC_OscConfig) for HAL_RCC_OscConfig
    board.o(i.SystemClock_Config) refers to kservice.o(i.rt_memset) for rt_memset
    board.o(i.SystemClock_Config) refers to kservice.o(i.rt_assert_handler) for rt_assert_handler
    board.o(i.SystemClock_Config) refers to stm32f1xx_hal_rcc.o(i.HAL_RCC_ClockConfig) for HAL_RCC_ClockConfig
    board.o(i.SystemClock_Config) refers to stm32f1xx_hal_rcc.o(i.HAL_RCC_GetHCLKFreq) for HAL_RCC_GetHCLKFreq
    board.o(i.SystemClock_Config) refers to stm32f1xx_hal_cortex.o(i.HAL_SYSTICK_Config) for HAL_SYSTICK_Config
    board.o(i.SystemClock_Config) refers to stm32f1xx_hal_cortex.o(i.HAL_SYSTICK_CLKSourceConfig) for HAL_SYSTICK_CLKSourceConfig
    board.o(i.SystemClock_Config) refers to stm32f1xx_hal_cortex.o(i.HAL_NVIC_SetPriority) for HAL_NVIC_SetPriority
    board.o(i.SystemClock_Config) refers to board.o(.constdata) for __FUNCTION__
    board.o(i.m3_m4_delay_us) refers to system_stm32f1xx.o(.data) for SystemCoreClock
    board.o(i.rt_hw_board_init) refers to stm32f1xx_hal.o(i.HAL_Init) for HAL_Init
    board.o(i.rt_hw_board_init) refers to board.o(i.SystemClock_Config) for SystemClock_Config
    board.o(i.rt_hw_board_init) refers to mem.o(i.rt_system_heap_init) for rt_system_heap_init
    board.o(i.rt_hw_board_init) refers to components.o(i.rt_components_board_init) for rt_components_board_init
    board.o(i.rt_hw_board_init) refers to kservice.o(i.rt_console_set_device) for rt_console_set_device
    drv_usart.o(i.HAL_UART_MspDeInit) refers to stm32f1xx_hal_gpio.o(i.HAL_GPIO_DeInit) for HAL_GPIO_DeInit
    drv_usart.o(i.HAL_UART_MspDeInit) refers to stm32f1xx_hal_cortex.o(i.HAL_NVIC_DisableIRQ) for HAL_NVIC_DisableIRQ
    drv_usart.o(i.HAL_UART_MspInit) refers to stm32f1xx_hal_gpio.o(i.HAL_GPIO_Init) for HAL_GPIO_Init
    drv_usart.o(i.HAL_UART_MspInit) refers to stm32f1xx_hal_cortex.o(i.HAL_NVIC_SetPriority) for HAL_NVIC_SetPriority
    drv_usart.o(i.HAL_UART_MspInit) refers to stm32f1xx_hal_cortex.o(i.HAL_NVIC_EnableIRQ) for HAL_NVIC_EnableIRQ
    drv_usart.o(i.MX_USART_UART_Init) refers to stm32f1xx_hal_uart.o(i.HAL_UART_Init) for HAL_UART_Init
    drv_usart.o(i.MX_USART_UART_Init) refers to kservice.o(i.rt_assert_handler) for rt_assert_handler
    drv_usart.o(i.MX_USART_UART_Init) refers to drv_usart.o(.constdata) for __FUNCTION__
    drv_usart.o(i.USART1_IRQHandler) refers to irq.o(i.rt_interrupt_enter) for rt_interrupt_enter
    drv_usart.o(i.USART1_IRQHandler) refers to drv_usart.o(i.uart_isr) for uart_isr
    drv_usart.o(i.USART1_IRQHandler) refers to irq.o(i.rt_interrupt_leave) for rt_interrupt_leave
    drv_usart.o(i.USART1_IRQHandler) refers to drv_usart.o(.bss) for serial1
    drv_usart.o(i.rt_hw_usart_init) refers to drv_usart.o(i.MX_USART_UART_Init) for MX_USART_UART_Init
    drv_usart.o(i.rt_hw_usart_init) refers to serial.o(i.rt_hw_serial_register) for rt_hw_serial_register
    drv_usart.o(i.rt_hw_usart_init) refers to drv_usart.o(.constdata) for .constdata
    drv_usart.o(i.rt_hw_usart_init) refers to drv_usart.o(.data) for uart1
    drv_usart.o(i.rt_hw_usart_init) refers to drv_usart.o(.bss) for serial1
    drv_usart.o(i.stm32_configure) refers to kservice.o(i.rt_assert_handler) for rt_assert_handler
    drv_usart.o(i.stm32_configure) refers to stm32f1xx_hal_uart.o(i.HAL_UART_Init) for HAL_UART_Init
    drv_usart.o(i.stm32_configure) refers to drv_usart.o(.constdata) for __FUNCTION__
    drv_usart.o(i.stm32_control) refers to kservice.o(i.rt_assert_handler) for rt_assert_handler
    drv_usart.o(i.stm32_control) refers to drv_usart.o(.constdata) for __FUNCTION__
    drv_usart.o(i.stm32_getc) refers to kservice.o(i.rt_assert_handler) for rt_assert_handler
    drv_usart.o(i.stm32_getc) refers to drv_usart.o(.constdata) for __FUNCTION__
    drv_usart.o(i.stm32_putc) refers to kservice.o(i.rt_assert_handler) for rt_assert_handler
[...]
    __tagsym$$used                           0x08008c68   Number         0  cmd.o(FSymTab)
    __tagsym$$used                           0x08008c74   Number         0  cmd.o(FSymTab)
    __tagsym$$used                           0x08008c80   Number         0  cmd.o(FSymTab)
    __tagsym$$used                           0x08008c8c   Number         0  cmd.o(FSymTab)
    __tagsym$$used                           0x08008c98   Number         0  cmd.o(FSymTab)
    __tagsym$$used                           0x08008ca4   Number         0  cmd.o(FSymTab)
    __tagsym$$used                           0x08008cb0   Number         0  cmd.o(FSymTab)
    __tagsym$$used                           0x08008cbc   Number         0  cmd.o(FSymTab)
    __tagsym$$used                           0x08008cc8   Number         0  cmd.o(FSymTab)
    __tagsym$$used                           0x08008cd4   Number         0  cmd.o(FSymTab)
    __tagsym$$used                           0x08008ce0   Number         0  cmd.o(FSymTab)
    __tagsym$$used                           0x08008cec   Number         0  cmd.o(FSymTab)
    __tagsym$$used                           0x08008cf8   Number         0  cmd.o(FSymTab)
    __tagsym$$used                           0x08008d04   Number         0  cmd.o(FSymTab)
    __tagsym$$used                           0x08008d10   Number         0  cmd.o(FSymTab)
    __tagsym$$used                           0x08008d1c   Number         0  cmd.o(FSymTab)
    __tagsym$$used                           0x08008d28   Number         0  cmd.o(FSymTab)
    FSymTab                                  0x08008d34   Section       12  msh.o(FSymTab)
    __tagsym$$used                           0x08008d34   Number         0  msh.o(FSymTab)
    FSymTab                                  0x08008d40   Section       36  msh_cmd.o(FSymTab)
    __tagsym$$used                           0x08008d40   Number         0  msh_cmd.o(FSymTab)
    __tagsym$$used                           0x08008d4c   Number         0  msh_cmd.o(FSymTab)
    __tagsym$$used                           0x08008d58   Number         0  msh_cmd.o(FSymTab)
    .data                                    0x20000000   Section       68  drv_usart.o(.data)
    .data                                    0x20000044   Section        4  stm32f1xx_hal.o(.data)
    .data                                    0x20000048   Section        4  system_stm32f1xx.o(.data)
    .data                                    0x2000004c   Section        4  clock.o(.data)
    rt_tick                                  0x2000004c   Data           4  clock.o(.data)
    .data                                    0x20000050   Section        9  irq.o(.data)
    rt_interrupt_enter_hook                  0x20000050   Data           4  irq.o(.data)
    rt_interrupt_leave_hook                  0x20000054   Data           4  irq.o(.data)
    .data                                    0x2000005c   Section       12  kservice.o(.data)
    __rt_errno                               0x2000005c   Data           4  kservice.o(.data)
    _console_device                          0x20000060   Data           4  kservice.o(.data)
    .data                                    0x20000068   Section       32  mem.o(.data)
    rt_malloc_hook                           0x20000068   Data           4  mem.o(.data)
    rt_free_hook                             0x2000006c   Data           4  mem.o(.data)
    heap_ptr                                 0x20000070   Data           4  mem.o(.data)
    heap_end                                 0x20000074   Data           4  mem.o(.data)
    lfree                                    0x20000078   Data           4  mem.o(.data)
    mem_size_aligned                         0x2000007c   Data           4  mem.o(.data)
    used_mem                                 0x20000080   Data           4  mem.o(.data)
    max_mem                                  0x20000084   Data           4  mem.o(.data)
    .data                                    0x20000088   Section      180  object.o(.data)
    rt_object_container                      0x20000088   Data         160  object.o(.data)
    rt_object_attach_hook                    0x20000128   Data           4  object.o(.data)
    rt_object_detach_hook                    0x2000012c   Data           4  object.o(.data)
    .data                                    0x2000013c   Section       28  scheduler.o(.data)
    rt_scheduler_lock_nest                   0x2000013c   Data           2  scheduler.o(.data)
    rt_scheduler_hook                        0x20000154   Data           4  scheduler.o(.data)
    .data                                    0x20000158   Section       12  thread.o(.data)
    rt_thread_suspend_hook                   0x20000158   Data           4  thread.o(.data)
    rt_thread_resume_hook                    0x2000015c   Data           4  thread.o(.data)
    rt_thread_inited_hook                    0x20000160   Data           4  thread.o(.data)
    .data                                    0x20000164   Section       16  timer.o(.data)
    rt_timer_list                            0x20000164   Data           8  timer.o(.data)
    rt_timer_timeout_hook                    0x2000016c   Data           4  timer.o(.data)
    random_nr                                0x20000170   Data           4  timer.o(.data)
    .data                                    0x20000174   Section       16  cpuport.o(.data)
    rt_exception_hook                        0x20000180   Data           4  cpuport.o(.data)
    .data                                    0x20000184   Section        8  shell.o(.data)
    finsh_prompt_custom                      0x20000188   Data           4  shell.o(.data)
    .data                                    0x2000018c   Section       16  symbol.o(.data)
    .bss                                     0x2000019c   Section       84  drv_usart.o(.bss)
    .bss                                     0x200001f0   Section      400  idle.o(.bss)
    idle                                     0x200001f0   Data         128  idle.o(.bss)
    rt_thread_stack                          0x20000270   Data         256  idle.o(.bss)
    idle_hook_list                           0x20000370   Data          16  idle.o(.bss)
    .bss                                     0x20000380   Section      128  kservice.o(.bss)
    rt_log_buf                               0x20000380   Data         128  kservice.o(.bss)
    .bss                                     0x20000400   Section       32  mem.o(.bss)
    heap_sem                                 0x20000400   Data          32  mem.o(.bss)
    .bss                                     0x20000420   Section      256  scheduler.o(.bss)
    .bss                                     0x20000520   Section      129  shell.o(.bss)
    finsh_prompt                             0x20000520   Data         129  shell.o(.bss)
    .bss                                     0x200005a4   Section       96  libspace.o(.bss)
    HEAP                                     0x20000608   Section      512  startup_stm32f103xe.o(HEAP)
    Heap_Mem                                 0x20000608   Data         512  startup_stm32f103xe.o(HEAP)
    STACK                                    0x20000808   Section     1024  startup_stm32f103xe.o(STACK)
    Stack_Mem                                0x20000808   Data        1024  startup_stm32f103xe.o(STACK)
    __initial_sp                             0x20000c08   Data           0  startup_stm32f103xe.o(STACK)

    Global Symbols

    Symbol Name                              Value     Ov Type        Size  Object(Section)

    BuildAttributes$$THM_ISAv4$P$D$K$B$S$PE$A:L22UL41UL21$X:L11$S22US41US21$IEEE1$IW$USESV6$~STKCKD$USESV7$~SHL$OSPACE$ROPI$EBA8$UX$STANDARDLIB$REQ8$PRES8$EABIv2 0x00000000   Number         0  anon$$obj.o ABSOLUTE
    __ARM_use_no_argv                        0x00000000   Number         0  main.o ABSOLUTE
    __ARM_exceptions_init                     - Undefined Weak Reference
    __alloca_initialize                       - Undefined Weak Reference
    __arm_preinit_                            - Undefined Weak Reference
    __cpp_initialize__aeabi_                  - Undefined Weak Reference
    __cxa_finalize                            - Undefined Weak Reference
    __sigvec_lookup                           - Undefined Weak Reference
    _atexit_init                              - Undefined Weak Reference
    _call_atexit_fns                          - Undefined Weak Reference
    _clock_init                               - Undefined Weak Reference
    _fp_trap_init                             - Undefined Weak Reference
    _fp_trap_shutdown                         - Undefined Weak Reference
    _get_lc_collate                           - Undefined Weak Reference
    _get_lc_monetary                          - Undefined Weak Reference
    _get_lc_numeric                           - Undefined Weak Reference
    _get_lc_time                              - Undefined Weak Reference
    _getenv_init                              - Undefined Weak Reference
    _handle_redirection                       - Undefined Weak Reference
    _init_alloc                               - Undefined Weak Reference
    _init_user_alloc                          - Undefined Weak Reference
    _initio                                   - Undefined Weak Reference
    _rand_init                                - Undefined Weak Reference
    _signal_finish                            - Undefined Weak Reference
    _signal_init                              - Undefined Weak Reference
    _terminate_alloc                          - Undefined Weak Reference
    _terminate_user_alloc                     - Undefined Weak Reference
    _terminateio                              - Undefined Weak Reference
    __Vectors_Size                           0x00000130   Number         0  startup_stm32f103xe.o ABSOLUTE
    __Vectors                                0x08000000   Data           4  startup_stm32f103xe.o(RESET)
    __Vectors_End                            0x08000130   Data           0  startup_stm32f103xe.o(RESET)
    __main                                   0x08000131   Thumb Code     8  __main.o(!!!main)
    __scatterload                            0x08000139   Thumb Code     0  __scatter.o(!!!scatter)
    __scatterload_rt2                        0x08000139   Thumb Code    44  __scatter.o(!!!scatter)
    __scatterload_rt2_thumb_only             0x08000139   Thumb Code     0  __scatter.o(!!!scatter)
    __scatterload_null                       0x08000147   Thumb Code     0  __scatter.o(!!!scatter)
    __decompress                             0x0800016d   Thumb Code    90  __dczerorl2.o(!!dczerorl2)
    __decompress1                            0x0800016d   Thumb Code     0  __dczerorl2.o(!!dczerorl2)
    __scatterload_zeroinit                   0x080001c9   Thumb Code    28  __scatter_zi.o(!!handler_zi)
    __rt_lib_init                            0x080001e5   Thumb Code     0  libinit.o(.ARM.Collect$$libinit$$00000000)
    __rt_lib_init_alloca_1                   0x080001e7   Thumb Code     0  libinit2.o(.ARM.Collect$$libinit$$0000002E)
    __rt_lib_init_argv_1                     0x080001e7   Thumb Code     0  libinit2.o(.ARM.Collect$$libinit$$0000002C)
    __rt_lib_init_atexit_1                   0x080001e7   Thumb Code     0  libinit2.o(.ARM.Collect$$libinit$$0000001B)
    __rt_lib_init_clock_1                    0x080001e7   Thumb Code     0  libinit2.o(.ARM.Collect$$libinit$$00000021)
    __rt_lib_init_cpp_1                      0x080001e7   Thumb Code     0  libinit2.o(.ARM.Collect$$libinit$$00000032)
    __rt_lib_init_exceptions_1               0x080001e7   Thumb Code     0  libinit2.o(.ARM.Collect$$libinit$$00000030)
    __rt_lib_init_fp_1                       0x080001e7   Thumb Code     0  libinit2.o(.ARM.Collect$$libinit$$00000002)
    __rt_lib_init_fp_trap_1                  0x080001e7   Thumb Code     0  libinit2.o(.ARM.Collect$$libinit$$0000001F)
    __rt_lib_init_getenv_1                   0x080001e7   Thumb Code     0  libinit2.o(.ARM.Collect$$libinit$$00000023)
    __rt_lib_init_heap_1                     0x080001e7   Thumb Code     0  libinit2.o(.ARM.Collect$$libinit$$0000000A)
    __rt_lib_init_lc_collate_1               0x080001e7   Thumb Code     0  libinit2.o(.ARM.Collect$$libinit$$00000011)
    __rt_lib_init_lc_ctype_1                 0x080001e7   Thumb Code     0  libinit2.o(.ARM.Collect$$libinit$$00000013)
    __rt_lib_init_lc_monetary_1              0x080001e7   Thumb Code     0  libinit2.o(.ARM.Collect$$libinit$$00000015)
    __rt_lib_init_lc_numeric_1               0x080001e7   Thumb Code     0  libinit2.o(.ARM.Collect$$libinit$$00000017)
    __rt_lib_init_lc_time_1                  0x080001e7   Thumb Code     0  libinit2.o(.ARM.Collect$$libinit$$00000019)
    __rt_lib_init_preinit_1                  0x080001e7   Thumb Code     0  libinit2.o(.ARM.Collect$$libinit$$00000004)
    __rt_lib_init_rand_1                     0x080001e7   Thumb Code     0  libinit2.o(.ARM.Collect$$libinit$$0000000E)
    __rt_lib_init_return                     0x080001e7   Thumb Code     0  libinit2.o(.ARM.Collect$$libinit$$00000033)
    __rt_lib_init_signal_1                   0x080001e7   Thumb Code     0  libinit2.o(.ARM.Collect$$libinit$$0000001D)
    __rt_lib_init_stdio_1                    0x080001e7   Thumb Code     0  libinit2.o(.ARM.Collect$$libinit$$00000025)
    __rt_lib_init_user_alloc_1               0x080001e7   Thumb Code     0  libinit2.o(.ARM.Collect$$libinit$$0000000C)
    __rt_lib_shutdown                        0x080001e9   Thumb Code     0  libshutdown.o(.ARM.Collect$$libshutdown$$00000000)
    __rt_lib_shutdown_fp_trap_1              0x080001eb   Thumb Code     0  libshutdown2.o(.ARM.Collect$$libshutdown$$00000006)
    __rt_lib_shutdown_heap_1                 0x080001eb   Thumb Code     0  libshutdown2.o(.ARM.Collect$$libshutdown$$0000000E)
    __rt_lib_shutdown_return                 0x080001eb   Thumb Code     0  libshutdown2.o(.ARM.Collect$$libshutdown$$0000000F)
    __rt_lib_shutdown_signal_1               0x080001eb   Thumb Code     0  libshutdown2.o(.ARM.Collect$$libshutdown$$00000009)
    __rt_lib_shutdown_stdio_1                0x080001eb   Thumb Code     0  libshutdown2.o(.ARM.Collect$$libshutdown$$00000003)
    __rt_lib_shutdown_user_alloc_1           0x080001eb   Thumb Code     0  libshutdown2.o(.ARM.Collect$$libshutdown$$0000000B)
    __rt_entry                               0x080001ed   Thumb Code     0  __rtentry.o(.ARM.Collect$$rtentry$$00000000)
    __rt_entry_presh_1                       0x080001ed   Thumb Code     0  __rtentry2.o(.ARM.Collect$$rtentry$$00000002)
    __rt_entry_sh                            0x080001ed   Thumb Code     0  __rtentry4.o(.ARM.Collect$$rtentry$$00000004)
    __rt_entry_li                            0x080001f3   Thumb Code     0  __rtentry2.o(.ARM.Collect$$rtentry$$0000000A)
    __rt_entry_postsh_1                      0x080001f3   Thumb Code     0  __rtentry2.o(.ARM.Collect$$rtentry$$00000009)
    __rt_entry_main                          0x080001f7   Thumb Code     0  __rtentry2.o(.ARM.Collect$$rtentry$$0000000D)
    __rt_entry_postli_1                      0x080001f7   Thumb Code     0  __rtentry2.o(.ARM.Collect$$rtentry$$0000000C)
    __rt_exit                                0x080001ff   Thumb Code     0  rtexit.o(.ARM.Collect$$rtexit$$00000000)
    __rt_exit_ls                             0x08000201   Thumb Code     0  rtexit2.o(.ARM.Collect$$rtexit$$00000003)
    __rt_exit_prels_1                        0x08000201   Thumb Code     0  rtexit2.o(.ARM.Collect$$rtexit$$00000002)
    __rt_exit_exit                           0x08000205   Thumb Code     0  rtexit2.o(.ARM.Collect$$rtexit$$00000004)
    Reset_Handler                            0x0800020d   Thumb Code     8  startup_stm32f103xe.o(.text)
    SVC_Handler                              0x0800021f   Thumb Code     2  startup_stm32f103xe.o(.text)
    ADC1_2_IRQHandler                        0x08000227   Thumb Code     0  startup_stm32f103xe.o(.text)
    ADC3_IRQHandler                          0x08000227   Thumb Code     0  startup_stm32f103xe.o(.text)
    CAN1_RX1_IRQHandler                      0x08000227   Thumb Code     0  startup_stm32f103xe.o(.text)
    CAN1_SCE_IRQHandler                      0x08000227   Thumb Code     0  startup_stm32f103xe.o(.text)
    DMA1_Channel1_IRQHandler                 0x08000227   Thumb Code     0  startup_stm32f103xe.o(.text)
    DMA1_Channel2_IRQHandler                 0x08000227   Thumb Code     0  startup_stm32f103xe.o(.text)
    DMA1_Channel3_IRQHandler                 0x08000227   Thumb Code     0  startup_stm32f103xe.o(.text)
    DMA1_Channel4_IRQHandler                 0x08000227   Thumb Code     0  startup_stm32f103xe.o(.text)
    DMA1_Channel5_IRQHandler                 0x08000227   Thumb Code     0  startup_stm32f103xe.o(.text)
    DMA1_Channel6_IRQHandler                 0x08000227   Thumb Code     0  startup_stm32f103xe.o(.text)
    DMA1_Channel7_IRQHandler                 0x08000227   Thumb Code     0  startup_stm32f103xe.o(.text)
    DMA2_Channel1_IRQHandler                 0x08000227   Thumb Code     0  startup_stm32f103xe.o(.text)
    DMA2_Channel2_IRQHandler                 0x08000227   Thumb Code     0  startup_stm32f103xe.o(.text)
    DMA2_Channel3_IRQHandler                 0x08000227   Thumb Code     0  startup_stm32f103xe.o(.text)
    DMA2_Channel4_5_IRQHandler               0x08000227   Thumb Code     0  startup_stm32f103xe.o(.text)
    EXTI0_IRQHandler                         0x08000227   Thumb Code     0  startup_stm32f103xe.o(.text)
    EXTI15_10_IRQHandler                     0x08000227   Thumb Code     0  startup_stm32f103xe.o(.text)
    EXTI1_IRQHandler                         0x08000227   Thumb Code     0  startup_stm32f103xe.o(.text)
    EXTI2_IRQHandler                         0x08000227   Thumb Code     0  startup_stm32f103xe.o(.text)
    EXTI3_IRQHandler                         0x08000227   Thumb Code     0  startup_stm32f103xe.o(.text)
    EXTI4_IRQHandler                         0x08000227   Thumb Code     0  startup_stm32f103xe.o(.text)
    EXTI9_5_IRQHandler                       0x08000227   Thumb Code     0  startup_stm32f103xe.o(.text)
    FLASH_IRQHandler                         0x08000227   Thumb Code     0  startup_stm32f103xe.o(.text)
    FSMC_IRQHandler                          0x08000227   Thumb Code     0  startup_stm32f103xe.o(.text)
    I2C1_ER_IRQHandler                       0x08000227   Thumb Code     0  startup_stm32f103xe.o(.text)
    I2C1_EV_IRQHandler                       0x08000227   Thumb Code     0  startup_stm32f103xe.o(.text)
    I2C2_ER_IRQHandler                       0x08000227   Thumb Code     0  startup_stm32f103xe.o(.text)
    I2C2_EV_IRQHandler                       0x08000227   Thumb Code     0  startup_stm32f103xe.o(.text)
    PVD_IRQHandler                           0x08000227   Thumb Code     0  startup_stm32f103xe.o(.text)
    RCC_IRQHandler                           0x08000227   Thumb Code     0  startup_stm32f103xe.o(.text)
    RTC_Alarm_IRQHandler                     0x08000227   Thumb Code     0  startup_stm32f103xe.o(.text)
    RTC_IRQHandler                           0x08000227   Thumb Code     0  startup_stm32f103xe.o(.text)
    SDIO_IRQHandler                          0x08000227   Thumb Code     0  startup_stm32f103xe.o(.text)
    SPI1_IRQHandler                          0x08000227   Thumb Code     0  startup_stm32f103xe.o(.text)
    SPI2_IRQHandler                          0x08000227   Thumb Code     0  startup_stm32f103xe.o(.text)
    SPI3_IRQHandler                          0x08000227   Thumb Code     0  startup_stm32f103xe.o(.text)
    TAMPER_IRQHandler                        0x08000227   Thumb Code     0  startup_stm32f103xe.o(.text)
    TIM1_BRK_IRQHandler                      0x08000227   Thumb Code     0  startup_stm32f103xe.o(.text)
    TIM1_CC_IRQHandler                       0x08000227   Thumb Code     0  startup_stm32f103xe.o(.text)
    TIM1_TRG_COM_IRQHandler                  0x08000227   Thumb Code     0  startup_stm32f103xe.o(.text)
    TIM1_UP_IRQHandler                       0x08000227   Thumb Code     0  startup_stm32f103xe.o(.text)
    TIM2_IRQHandler                          0x08000227   Thumb Code     0  startup_stm32f103xe.o(.text)
    TIM3_IRQHandler                          0x08000227   Thumb Code     0  startup_stm32f103xe.o(.text)
    TIM4_IRQHandler                          0x08000227   Thumb Code     0  startup_stm32f103xe.o(.text)
    TIM5_IRQHandler                          0x08000227   Thumb Code     0  startup_stm32f103xe.o(.text)
    TIM6_IRQHandler                          0x08000227   Thumb Code     0  startup_stm32f103xe.o(.text)
    TIM7_IRQHandler                          0x08000227   Thumb Code     0  startup_stm32f103xe.o(.text)
    TIM8_BRK_IRQHandler                      0x08000227   Thumb Code     0  startup_stm32f103xe.o(.text)
    TIM8_CC_IRQHandler                       0x08000227   Thumb Code     0  startup_stm32f103xe.o(.text)
    TIM8_TRG_COM_IRQHandler                  0x08000227   Thumb Code     0  startup_stm32f103xe.o(.text)
    TIM8_UP_IRQHandler                       0x08000227   Thumb Code     0  startup_stm32f103xe.o(.text)
    UART4_IRQHandler                         0x08000227   Thumb Code     0  startup_stm32f103xe.o(.text)
    UART5_IRQHandler                         0x08000227   Thumb Code     0  startup_stm32f103xe.o(.text)
    USART2_IRQHandler                        0x08000227   Thumb Code     0  startup_stm32f103xe.o(.text)
    USART3_IRQHandler                        0x08000227   Thumb Code     0  startup_stm32f103xe.o(.text)
    USBWakeUp_IRQHandler                     0x08000227   Thumb Code     0  startup_stm32f103xe.o(.text)
    USB_HP_CAN1_TX_IRQHandler                0x08000227   Thumb Code     0  startup_stm32f103xe.o(.text)
    USB_LP_CAN1_RX0_IRQHandler               0x08000227   Thumb Code     0  startup_stm32f103xe.o(.text)
    WWDG_IRQHandler                          0x08000227   Thumb Code     0  startup_stm32f103xe.o(.text)
    __user_initial_stackheap                 0x08000229   Thumb Code     0  startup_stm32f103xe.o(.text)
    rt_hw_interrupt_disable                  0x0800024d   Thumb Code     8  context_rvds.o(.text)
    rt_hw_interrupt_enable                   0x08000255   Thumb Code     6  context_rvds.o(.text)
    rt_hw_context_switch                     0x0800025b   Thumb Code    32  context_rvds.o(.text)
    rt_hw_context_switch_interrupt           0x0800025b   Thumb Code     0  context_rvds.o(.text)
    PendSV_Handler                           0x0800027b   Thumb Code    60  context_rvds.o(.text)
    rt_hw_context_switch_to                  0x080002b7   Thumb Code    58  context_rvds.o(.text)
    rt_hw_interrupt_thread_switch            0x080002f1   Thumb Code     2  context_rvds.o(.text)
    HardFault_Handler                        0x080002f3   Thumb Code    52  context_rvds.o(.text)
    memcmp                                   0x08000341   Thumb Code    88  memcmp.o(.text)
    strcpy                                   0x08000399   Thumb Code    72  strcpy.o(.text)
    strlen                                   0x080003e1   Thumb Code    62  strlen.o(.text)
    strncmp                                  0x0800041f   Thumb Code   150  strncmp.o(.text)
    strcat                                   0x080004b5   Thumb Code    24  strcat.o(.text)
    __aeabi_memcpy                           0x080004cd   Thumb Code     0  rt_memcpy_v6.o(.text)
    __rt_memcpy                              0x080004cd   Thumb Code   138  rt_memcpy_v6.o(.text)
    _memcpy_lastbytes                        0x08000533   Thumb Code     0  rt_memcpy_v6.o(.text)
    __aeabi_memcpy4                          0x08000557   Thumb Code     0  rt_memcpy_w.o(.text)
    __aeabi_memcpy8                          0x08000557   Thumb Code     0  rt_memcpy_w.o(.text)
    __rt_memcpy_w                            0x08000557   Thumb Code   100  rt_memcpy_w.o(.text)
    _memcpy_lastbytes_aligned                0x0800059f   Thumb Code     0  rt_memcpy_w.o(.text)
    __aeabi_memclr                           0x080005bb   Thumb Code     0  rt_memclr.o(.text)
    __rt_memclr                              0x080005bb   Thumb Code    68  rt_memclr.o(.text)
    _memset                                  0x080005bf   Thumb Code     0  rt_memclr.o(.text)
    __aeabi_memclr4                          0x080005ff   Thumb Code     0  rt_memclr_w.o(.text)
    __aeabi_memclr8                          0x080005ff   Thumb Code     0  rt_memclr_w.o(.text)
    __rt_memclr_w                            0x080005ff   Thumb Code    78  rt_memclr_w.o(.text)
    _memset_w                                0x08000603   Thumb Code     0  rt_memclr_w.o(.text)
    strncpy                                  0x0800064d   Thumb Code    86  strncpy.o(.text)
    __use_two_region_memory                  0x080006a3   Thumb Code     2  heapauxi.o(.text)
    __rt_heap_escrow$2region                 0x080006a5   Thumb Code     2  heapauxi.o(.text)
    __rt_heap_expand$2region                 0x080006a7   Thumb Code     2  heapauxi.o(.text)
    __user_libspace                          0x080006a9   Thumb Code     8  libspace.o(.text)
    __user_perproc_libspace                  0x080006a9   Thumb Code     0  libspace.o(.text)
    __user_perthread_libspace                0x080006a9   Thumb Code     0  libspace.o(.text)
    __user_setup_stackheap                   0x080006b1   Thumb Code    74  sys_stackheap_outer.o(.text)
    exit                                     0x080006fb   Thumb Code    12  exit.o(.text)
    _sys_exit                                0x08000709   Thumb Code     8  sys_exit.o(.text)
    __I$use$semihosting                      0x08000715   Thumb Code     0  use_no_semi.o(.text)
    __use_no_semihosting_swi                 0x08000715   Thumb Code     2  use_no_semi.o(.text)
    __semihosting_library_function           0x08000717   Thumb Code     0  indicate_semi.o(.text)
    main                                     0x08000717   Thumb Code    14  components.o(i.$Sub$$main)
    BusFault_Handler                         0x08000725   Thumb Code     4  stm32f1xx_it.o(i.BusFault_Handler)
    DebugMon_Handler                         0x08000729   Thumb Code     2  stm32f1xx_it.o(i.DebugMon_Handler)
    HAL_Delay                                0x0800072b   Thumb Code    16  board.o(i.HAL_Delay)
    HAL_GPIO_Init                            0x0800073d   Thumb Code   790  stm32f1xx_hal_gpio.o(i.HAL_GPIO_Init)
    HAL_GetTick                              0x08000a7d   Thumb Code    24  board.o(i.HAL_GetTick)
    HAL_IncTick                              0x08000a99   Thumb Code    12  stm32f1xx_hal.o(i.HAL_IncTick)
    HAL_Init                                 0x08000aa9   Thumb Code    34  stm32f1xx_hal.o(i.HAL_Init)
    HAL_InitTick                             0x08000ad1   Thumb Code    36  stm32f1xx_hal.o(i.HAL_InitTick)
    HAL_MspInit                              0x08000af9   Thumb Code   140  board.o(i.HAL_MspInit)
    HAL_NVIC_EnableIRQ                       0x08000b8d   Thumb Code    26  stm32f1xx_hal_cortex.o(i.HAL_NVIC_EnableIRQ)
    HAL_NVIC_SetPriority                     0x08000ba7   Thumb Code   124  stm32f1xx_hal_cortex.o(i.HAL_NVIC_SetPriority)
    HAL_NVIC_SetPriorityGrouping             0x08000c25   Thumb Code    32  stm32f1xx_hal_cortex.o(i.HAL_NVIC_SetPriorityGrouping)
    HAL_RCC_ClockConfig                      0x08000c4d   Thumb Code   402  stm32f1xx_hal_rcc.o(i.HAL_RCC_ClockConfig)
    HAL_RCC_GetHCLKFreq                      0x08000df1   Thumb Code     6  stm32f1xx_hal_rcc.o(i.HAL_RCC_GetHCLKFreq)
    HAL_RCC_GetPCLK1Freq                     0x08000dfd   Thumb Code    22  stm32f1xx_hal_rcc.o(i.HAL_RCC_GetPCLK1Freq)
    HAL_RCC_GetPCLK2Freq                     0x08000e1d   Thumb Code    22  stm32f1xx_hal_rcc.o(i.HAL_RCC_GetPCLK2Freq)
    HAL_RCC_GetSysClockFreq                  0x08000e3d   Thumb Code   118  stm32f1xx_hal_rcc.o(i.HAL_RCC_GetSysClockFreq)
    HAL_RCC_OscConfig                        0x08000ed5   Thumb Code  1078  stm32f1xx_hal_rcc.o(i.HAL_RCC_OscConfig)
    HAL_SYSTICK_CLKSourceConfig              0x08001315   Thumb Code    40  stm32f1xx_hal_cortex.o(i.HAL_SYSTICK_CLKSourceConfig)
    HAL_SYSTICK_Config                       0x0800133d   Thumb Code    52  stm32f1xx_hal_cortex.o(i.HAL_SYSTICK_Config)
    HAL_UART_Init                            0x08001371   Thumb Code   114  stm32f1xx_hal_uart.o(i.HAL_UART_Init)
    HAL_UART_MspInit                         0x080013e5   Thumb Code   366  drv_usart.o(i.HAL_UART_MspInit)
    MemManage_Handler                        0x080015b9   Thumb Code     4  stm32f1xx_it.o(i.MemManage_Handler)
    NMI_Handler                              0x080015bd   Thumb Code     2  stm32f1xx_it.o(i.NMI_Handler)
    SysTick_Handler                          0x08001621   Thumb Code    20  board.o(i.SysTick_Handler)
    SystemClock_Config                       0x08001635   Thumb Code   184  board.o(i.SystemClock_Config)
    SystemInit                               0x08001701   Thumb Code    70  system_stm32f1xx.o(i.SystemInit)
    USART1_IRQHandler                        0x08001921   Thumb Code    18  drv_usart.o(i.USART1_IRQHandler)
    UsageFault_Handler                       0x08001939   Thumb Code     4  stm32f1xx_it.o(i.UsageFault_Handler)
    __rt_ffs                                 0x0800193d   Thumb Code    70  kservice.o(i.__rt_ffs)
    cmd_free                                 0x08002b75   Thumb Code    14  msh_cmd.o(i.cmd_free)
    cmd_ps                                   0x08002b83   Thumb Code    14  msh_cmd.o(i.cmd_ps)
    cmd_time                                 0x08002b91   Thumb Code     6  msh_cmd.o(i.cmd_time)
    finsh_get_prompt                         0x08002b99   Thumb Code    84  shell.o(i.finsh_get_prompt)
    finsh_set_device                         0x08002ca5   Thumb Code   156  shell.o(i.finsh_set_device)
    finsh_set_prompt_mode                    0x08002d81   Thumb Code    42  shell.o(i.finsh_set_prompt_mode)
    finsh_system_function_init               0x08002dc9   Thumb Code    10  shell.o(i.finsh_system_function_init)
    finsh_system_init                        0x08002ddd   Thumb Code   100  shell.o(i.finsh_system_init)
    finsh_thread_entry                       0x08002e79   Thumb Code  1272  shell.o(i.finsh_thread_entry)
    hello                                    0x080033f9   Thumb Code    12  cmd.o(i.hello)
    list                                     0x08003419   Thumb Code    54  cmd.o(i.list)
    list_device                              0x08003481   Thumb Code    18  cmd.o(i.list_device)
    list_event                               0x08003493   Thumb Code    18  cmd.o(i.list_event)
    list_mailbox                             0x080034a5   Thumb Code    18  cmd.o(i.list_mailbox)
    list_mem                                 0x080034b9   Thumb Code    34  mem.o(i.list_mem)
    list_memheap                             0x08003531   Thumb Code    18  cmd.o(i.list_memheap)
    list_mempool                             0x08003543   Thumb Code    18  cmd.o(i.list_mempool)
    list_msgqueue                            0x08003555   Thumb Code    18  cmd.o(i.list_msgqueue)
    list_mutex                               0x08003567   Thumb Code    18  cmd.o(i.list_mutex)
    list_sem                                 0x08003579   Thumb Code    18  cmd.o(i.list_sem)
    list_thread                              0x0800358b   Thumb Code    18  cmd.o(i.list_thread)
    list_timer                               0x0800359d   Thumb Code    18  cmd.o(i.list_timer)
    $Super$$main                             0x080035dd   Thumb Code     4  main.o(i.main)
    main_thread_entry                        0x080035e1   Thumb Code    14  components.o(i.main_thread_entry)
    msh_auto_complete                        0x080036d9   Thumb Code   138  msh.o(i.msh_auto_complete)
    msh_exec                                 0x08003779   Thumb Code    82  msh.o(i.msh_exec)
    msh_help                                 0x08003841   Thumb Code    66  msh.o(i.msh_help)
    msh_is_used                              0x080038c1   Thumb Code     4  msh.o(i.msh_is_used)
    rt_application_init                      0x08003cb1   Thumb Code    46  components.o(i.rt_application_init)
    rt_assert_handler                        0x08003d01   Thumb Code    56  kservice.o(i.rt_assert_handler)
    rt_calloc                                0x08003d75   Thumb Code    80  mem.o(i.rt_calloc)
    rt_completion_done                       0x08003df5   Thumb Code    76  completion.o(i.rt_completion_done)
    rt_completion_init                       0x08003e5d   Thumb Code    42  completion.o(i.rt_completion_init)
    rt_completion_wait                       0x08003ea5   Thumb Code   198  completion.o(i.rt_completion_wait)
    rt_components_board_init                 0x08003fe5   Thumb Code    20  components.o(i.rt_components_board_init)
    rt_components_init                       0x08004001   Thumb Code    20  components.o(i.rt_components_init)
    rt_console_get_device                    0x0800401d   Thumb Code     6  kservice.o(i.rt_console_get_device)
    rt_console_set_device                    0x08004029   Thumb Code    48  kservice.o(i.rt_console_set_device)
    rt_data_queue_init                       0x0800405d   Thumb Code    76  dataqueue.o(i.rt_data_queue_init)
    rt_data_queue_peak                       0x080040c1   Thumb Code   102  dataqueue.o(i.rt_data_queue_peak)
    rt_data_queue_pop                        0x08004141   Thumb Code   342  dataqueue.o(i.rt_data_queue_pop)
    rt_data_queue_push                       0x08004301   Thumb Code   282  dataqueue.o(i.rt_data_queue_push)
    rt_device_close                          0x08004461   Thumb Code    92  device.o(i.rt_device_close)
    rt_device_find                           0x0800450d   Thumb Code    94  device.o(i.rt_device_find)
    rt_device_open                           0x08004589   Thumb Code   170  device.o(i.rt_device_open)
    rt_device_read                           0x080046d1   Thumb Code    98  device.o(i.rt_device_read)
    rt_device_register                       0x08004785   Thumb Code    52  device.o(i.rt_device_register)
    rt_device_set_rx_indicate                0x080047b9   Thumb Code    48  device.o(i.rt_device_set_rx_indicate)
    rt_device_write                          0x08004839   Thumb Code    98  device.o(i.rt_device_write)
    rt_enter_critical                        0x08004a49   Thumb Code    28  scheduler.o(i.rt_enter_critical)
    rt_exit_critical                         0x08004a69   Thumb Code    54  scheduler.o(i.rt_exit_critical)
    rt_free                                  0x08004aa5   Thumb Code   278  mem.o(i.rt_free)
    rt_hw_board_init                         0x08004cb1   Thumb Code    30  board.o(i.rt_hw_board_init)
    rt_hw_console_output                     0x08004ce1   Thumb Code     2  kservice.o(i.rt_hw_console_output)
    rt_hw_hard_fault_exception               0x08004ce5   Thumb Code   198  cpuport.o(i.rt_hw_hard_fault_exception)
    rt_hw_serial_isr                         0x08004eed   Thumb Code   390  serial.o(i.rt_hw_serial_isr)
    rt_hw_serial_register                    0x080050c9   Thumb Code    80  serial.o(i.rt_hw_serial_register)
    rt_hw_stack_init                         0x08005149   Thumb Code    70  cpuport.o(i.rt_hw_stack_init)
    rt_hw_usart_init                         0x08005195   Thumb Code    58  drv_usart.o(i.rt_hw_usart_init)
    rt_interrupt_enter                       0x080051e9   Thumb Code    46  irq.o(i.rt_interrupt_enter)
    rt_interrupt_get_nest                    0x08005221   Thumb Code     6  irq.o(i.rt_interrupt_get_nest)
    rt_interrupt_leave                       0x0800522d   Thumb Code    46  irq.o(i.rt_interrupt_leave)
    rt_kprintf                               0x080052f9   Thumb Code    96  kservice.o(i.rt_kprintf)
    rt_malloc                                0x08005449   Thumb Code   522  mem.o(i.rt_malloc)
    rt_memcpy                                0x08005705   Thumb Code   124  kservice.o(i.rt_memcpy)
    rt_memmove                               0x08005781   Thumb Code    66  kservice.o(i.rt_memmove)
    rt_memset                                0x080057c3   Thumb Code    72  kservice.o(i.rt_memset)
    rt_object_allocate                       0x0800580d   Thumb Code   158  object.o(i.rt_object_allocate)
    rt_object_delete                         0x080058f9   Thumb Code    88  object.o(i.rt_object_delete)
    rt_object_detach                         0x08005999   Thumb Code    62  object.o(i.rt_object_detach)
    rt_object_get_information                0x080059f5   Thumb Code    36  object.o(i.rt_object_get_information)
    rt_object_get_type                       0x08005a1d   Thumb Code    26  object.o(i.rt_object_get_type)
    rt_object_init                           0x08005a51   Thumb Code    90  object.o(i.rt_object_init)
    rt_object_is_systemobject                0x08005acd   Thumb Code    34  object.o(i.rt_object_is_systemobject)
    rt_schedule                              0x08005b09   Thumb Code   154  scheduler.o(i.rt_schedule)
    rt_schedule_insert_thread                0x08005bc1   Thumb Code    90  scheduler.o(i.rt_schedule_insert_thread)
    rt_schedule_remove_thread                0x08005c3d   Thumb Code    94  scheduler.o(i.rt_schedule_remove_thread)
    rt_sem_init                              0x08005cbd   Thumb Code    50  ipc.o(i.rt_sem_init)
    rt_sem_release                           0x08005d05   Thumb Code   116  ipc.o(i.rt_sem_release)
    rt_sem_take                              0x08005d95   Thumb Code   288  ipc.o(i.rt_sem_take)
    rt_set_errno                             0x0800651d   Thumb Code    36  kservice.o(i.rt_set_errno)
    rt_show_version                          0x08006545   Thumb Code    38  kservice.o(i.rt_show_version)
    rt_strlen                                0x080065f5   Thumb Code    18  kservice.o(i.rt_strlen)
    rt_strncmp                               0x08006607   Thumb Code    40  kservice.o(i.rt_strncmp)
    rt_strncpy                               0x0800662f   Thumb Code    52  kservice.o(i.rt_strncpy)
    rt_system_heap_init                      0x08006665   Thumb Code   204  mem.o(i.rt_system_heap_init)
    rt_system_scheduler_init                 0x080067b9   Thumb Code    56  scheduler.o(i.rt_system_scheduler_init)
    rt_system_scheduler_start                0x08006809   Thumb Code    36  scheduler.o(i.rt_system_scheduler_start)
    rt_system_timer_init                     0x08006839   Thumb Code    24  timer.o(i.rt_system_timer_init)
    rt_system_timer_thread_init              0x08006855   Thumb Code     2  timer.o(i.rt_system_timer_thread_init)
    rt_thread_create                         0x08006857   Thumb Code    80  thread.o(i.rt_thread_create)
    rt_thread_exit                           0x080068a9   Thumb Code    76  thread.o(i.rt_thread_exit)
    rt_thread_idle_excute                    0x08006925   Thumb Code   168  idle.o(i.rt_thread_idle_excute)
    rt_thread_idle_init                      0x08006a01   Thumb Code    38  idle.o(i.rt_thread_idle_init)
    rt_thread_init                           0x08006a3d   Thumb Code    74  thread.o(i.rt_thread_init)
    rt_thread_resume                         0x08006ab9   Thumb Code   120  thread.o(i.rt_thread_resume)
    rt_thread_self                           0x08006b51   Thumb Code     6  thread.o(i.rt_thread_self)
    rt_thread_startup                        0x08006b5d   Thumb Code   108  thread.o(i.rt_thread_startup)
    rt_thread_suspend                        0x08006c1d   Thumb Code   128  thread.o(i.rt_thread_suspend)
    rt_thread_timeout                        0x08006cbd   Thumb Code    90  thread.o(i.rt_thread_timeout)
    rt_thread_yield                          0x08006d71   Thumb Code    92  thread.o(i.rt_thread_yield)
    rt_tick_get                              0x08006dd5   Thumb Code     6  clock.o(i.rt_tick_get)
    rt_tick_increase                         0x08006de1   Thumb Code    42  clock.o(i.rt_tick_increase)
    rt_timer_check                           0x08006e11   Thumb Code   148  timer.o(i.rt_timer_check)
    rt_timer_control                         0x08006ead   Thumb Code    98  timer.o(i.rt_timer_control)
    rt_timer_detach                          0x08006f65   Thumb Code    82  timer.o(i.rt_timer_detach)
    rt_timer_init                            0x08007039   Thumb Code    58  timer.o(i.rt_timer_init)
    rt_timer_start                           0x0800708d   Thumb Code   314  timer.o(i.rt_timer_start)
    rt_timer_stop                            0x0800724d   Thumb Code   102  timer.o(i.rt_timer_stop)
    rt_vsnprintf                             0x0800730d   Thumb Code   800  kservice.o(i.rt_vsnprintf)
    rtthread_startup                         0x08007645   Thumb Code    42  components.o(i.rtthread_startup)
    version                                  0x08007b59   Thumb Code    10  cmd.o(i.version)
    AHBPrescTable                            0x08007be7   Data          16  system_stm32f1xx.o(.constdata)
    APBPrescTable                            0x08007bf7   Data           8  system_stm32f1xx.o(.constdata)
    __lowest_bit_bitmap                      0x08007ee9   Data         256  kservice.o(.constdata)
    __fsym_list_mem_name                     0x080087a5   Data           9  mem.o(.rodata.name)
    __fsym_list_mem_desc                     0x080087ae   Data          30  mem.o(.rodata.name)
    __fsym_hello_name                        0x080087cc   Data           6  cmd.o(.rodata.name)
    __fsym_hello_desc                        0x080087d2   Data          16  cmd.o(.rodata.name)
    __fsym_version_name                      0x080087e2   Data           8  cmd.o(.rodata.name)
    __fsym_version_desc                      0x080087ea   Data          35  cmd.o(.rodata.name)
    __fsym___cmd_version_name                0x0800880d   Data          14  cmd.o(.rodata.name)
    __fsym___cmd_version_desc                0x0800881b   Data          35  cmd.o(.rodata.name)
    __fsym_list_thread_name                  0x0800883e   Data          12  cmd.o(.rodata.name)
    __fsym_list_thread_desc                  0x0800884a   Data          12  cmd.o(.rodata.name)
    __fsym___cmd_list_thread_name            0x08008856   Data          18  cmd.o(.rodata.name)
    __fsym___cmd_list_thread_desc            0x08008868   Data          12  cmd.o(.rodata.name)
    __fsym_list_sem_name                     0x08008874   Data           9  cmd.o(.rodata.name)
    __fsym_list_sem_desc                     0x0800887d   Data          25  cmd.o(.rodata.name)
    __fsym___cmd_list_sem_name               0x08008896   Data          15  cmd.o(.rodata.name)
    __fsym___cmd_list_sem_desc               0x080088a5   Data          25  cmd.o(.rodata.name)
    __fsym_list_event_name                   0x080088be   Data          11  cmd.o(.rodata.name)
    __fsym_list_event_desc                   0x080088c9   Data          21  cmd.o(.rodata.name)
    __fsym___cmd_list_event_name             0x080088de   Data          17  cmd.o(.rodata.name)
    __fsym___cmd_list_event_desc             0x080088ef   Data          21  cmd.o(.rodata.name)
    __fsym_list_mutex_name                   0x08008904   Data          11  cmd.o(.rodata.name)
    __fsym_list_mutex_desc                   0x0800890f   Data          21  cmd.o(.rodata.name)
    __fsym___cmd_list_mutex_name             0x08008924   Data          17  cmd.o(.rodata.name)
    __fsym___cmd_list_mutex_desc             0x08008935   Data          21  cmd.o(.rodata.name)
    __fsym_list_mailbox_name                 0x0800894a   Data          13  cmd.o(.rodata.name)
    __fsym_list_mailbox_desc                 0x08008957   Data          24  cmd.o(.rodata.name)
    __fsym___cmd_list_mailbox_name           0x0800896f   Data          19  cmd.o(.rodata.name)
    __fsym___cmd_list_mailbox_desc           0x08008982   Data          24  cmd.o(.rodata.name)
    __fsym_list_msgqueue_name                0x0800899a   Data          14  cmd.o(.rodata.name)
    __fsym_list_msgqueue_desc                0x080089a8   Data          29  cmd.o(.rodata.name)
    __fsym___cmd_list_msgqueue_name          0x080089c5   Data          20  cmd.o(.rodata.name)
    __fsym___cmd_list_msgqueue_desc          0x080089d9   Data          29  cmd.o(.rodata.name)
    __fsym_list_memheap_name                 0x080089f6   Data          13  cmd.o(.rodata.name)
    __fsym_list_memheap_desc                 0x08008a03   Data          27  cmd.o(.rodata.name)
    __fsym___cmd_list_memheap_name           0x08008a1e   Data          19  cmd.o(.rodata.name)
    __fsym___cmd_list_memheap_desc           0x08008a31   Data          27  cmd.o(.rodata.name)
    __fsym_list_mempool_name                 0x08008a4c   Data          13  cmd.o(.rodata.name)
    __fsym_list_mempool_desc                 0x08008a59   Data          27  cmd.o(.rodata.name)
    __fsym___cmd_list_mempool_name           0x08008a74   Data          19  cmd.o(.rodata.name)
    __fsym___cmd_list_mempool_desc           0x08008a87   Data          27  cmd.o(.rodata.name)
    __fsym_list_timer_name                   0x08008aa2   Data          11  cmd.o(.rodata.name)
    __fsym_list_timer_desc                   0x08008aad   Data          21  cmd.o(.rodata.name)
    __fsym___cmd_list_timer_name             0x08008ac2   Data          17  cmd.o(.rodata.name)
    __fsym___cmd_list_timer_desc             0x08008ad3   Data          21  cmd.o(.rodata.name)
    __fsym_list_device_name                  0x08008ae8   Data          12  cmd.o(.rodata.name)
    __fsym_list_device_desc                  0x08008af4   Data          22  cmd.o(.rodata.name)
    __fsym___cmd_list_device_name            0x08008b0a   Data          18  cmd.o(.rodata.name)
    __fsym___cmd_list_device_desc            0x08008b1c   Data          22  cmd.o(.rodata.name)
    __fsym_list_name                         0x08008b32   Data           5  cmd.o(.rodata.name)
    __fsym_list_desc                         0x08008b37   Data          26  cmd.o(.rodata.name)
    __fsym___cmd_help_name                   0x08008b51   Data          11  msh.o(.rodata.name)
    __fsym___cmd_help_desc                   0x08008b5c   Data          22  msh.o(.rodata.name)
    __fsym___cmd_ps_name                     0x08008b72   Data           9  msh_cmd.o(.rodata.name)
    __fsym___cmd_ps_desc                     0x08008b7b   Data          28  msh_cmd.o(.rodata.name)
    __fsym___cmd_time_name                   0x08008b97   Data          11  msh_cmd.o(.rodata.name)
    __fsym___cmd_time_desc                   0x08008ba2   Data          27  msh_cmd.o(.rodata.name)
    __fsym___cmd_free_name                   0x08008bbd   Data          11  msh_cmd.o(.rodata.name)
    __fsym___cmd_free_desc                   0x08008bc8   Data          37  msh_cmd.o(.rodata.name)
    __rt_init_rti_start                      0x08008bf0   Data           4  components.o(.rti_fn.0)
    __rt_init_rti_board_start                0x08008bf4   Data           4  components.o(.rti_fn.0.end)
    __rt_init_rt_hw_usart_init               0x08008bf8   Data           4  drv_usart.o(.rti_fn.1)
    __rt_init_rti_board_end                  0x08008bfc   Data           4  components.o(.rti_fn.1.end)
    __rt_init_finsh_system_init              0x08008c00   Data           4  shell.o(.rti_fn.6)
    __rt_init_rti_end                        0x08008c04   Data           4  components.o(.rti_fn.6.end)
    FSymTab$$Base                            0x08008c08   Number         0  mem.o(FSymTab)
    __fsym_list_mem                          0x08008c08   Data          12  mem.o(FSymTab)
    __fsym_hello                             0x08008c14   Data          12  cmd.o(FSymTab)
    __fsym_version                           0x08008c20   Data          12  cmd.o(FSymTab)
    __fsym___cmd_version                     0x08008c2c   Data          12  cmd.o(FSymTab)
    __fsym_list_thread                       0x08008c38   Data          12  cmd.o(FSymTab)
    __fsym___cmd_list_thread                 0x08008c44   Data          12  cmd.o(FSymTab)
    __fsym_list_sem                          0x08008c50   Data          12  cmd.o(FSymTab)
    __fsym___cmd_list_sem                    0x08008c5c   Data          12  cmd.o(FSymTab)
    __fsym_list_event                        0x08008c68   Data          12  cmd.o(FSymTab)
    __fsym___cmd_list_event                  0x08008c74   Data          12  cmd.o(FSymTab)
    __fsym_list_mutex                        0x08008c80   Data          12  cmd.o(FSymTab)
    __fsym___cmd_list_mutex                  0x08008c8c   Data          12  cmd.o(FSymTab)
    __fsym_list_mailbox                      0x08008c98   Data          12  cmd.o(FSymTab)
    __fsym___cmd_list_mailbox                0x08008ca4   Data          12  cmd.o(FSymTab)
    __fsym_list_msgqueue                     0x08008cb0   Data          12  cmd.o(FSymTab)
    __fsym___cmd_list_msgqueue               0x08008cbc   Data          12  cmd.o(FSymTab)
    __fsym_list_memheap                      0x08008cc8   Data          12  cmd.o(FSymTab)
    __fsym___cmd_list_memheap                0x08008cd4   Data          12  cmd.o(FSymTab)
    __fsym_list_mempool                      0x08008ce0   Data          12  cmd.o(FSymTab)
    __fsym___cmd_list_mempool                0x08008cec   Data          12  cmd.o(FSymTab)
    __fsym_list_timer                        0x08008cf8   Data          12  cmd.o(FSymTab)
    __fsym___cmd_list_timer                  0x08008d04   Data          12  cmd.o(FSymTab)
    __fsym_list_device                       0x08008d10   Data          12  cmd.o(FSymTab)
    __fsym___cmd_list_device                 0x08008d1c   Data          12  cmd.o(FSymTab)
    __fsym_list                              0x08008d28   Data          12  cmd.o(FSymTab)
    __fsym___cmd_help                        0x08008d34   Data          12  msh.o(FSymTab)
    __fsym___cmd_ps                          0x08008d40   Data          12  msh_cmd.o(FSymTab)
    __fsym___cmd_time                        0x08008d4c   Data          12  msh_cmd.o(FSymTab)
    __fsym___cmd_free                        0x08008d58   Data          12  msh_cmd.o(FSymTab)
    FSymTab$$Limit                           0x08008d64   Number         0  msh_cmd.o(FSymTab)
    Region$$Table$$Base                      0x08008d64   Number         0  anon$$obj.o(Region$$Table)
    Region$$Table$$Limit                     0x08008d84   Number         0  anon$$obj.o(Region$$Table)
    uart1                                    0x20000000   Data          68  drv_usart.o(.data)
    uwTick                                   0x20000044   Data           4  stm32f1xx_hal.o(.data)
    SystemCoreClock                          0x20000048   Data           4  system_stm32f1xx.o(.data)
    rt_interrupt_nest                        0x20000058   Data           1  irq.o(.data)
    rt_assert_hook                           0x20000064   Data           4  kservice.o(.data)
    rt_object_trytake_hook                   0x20000130   Data           4  object.o(.data)
    rt_object_take_hook                      0x20000134   Data           4  object.o(.data)
    rt_object_put_hook                       0x20000138   Data           4  object.o(.data)
    rt_current_thread                        0x20000140   Data           4  scheduler.o(.data)
    rt_current_priority                      0x20000144   Data           1  scheduler.o(.data)
    rt_thread_ready_priority_group           0x20000148   Data           4  scheduler.o(.data)
    rt_thread_defunct                        0x2000014c   Data           8  scheduler.o(.data)
    rt_interrupt_from_thread                 0x20000174   Data           4  cpuport.o(.data)
    rt_interrupt_to_thread                   0x20000178   Data           4  cpuport.o(.data)
    rt_thread_switch_interrupt_flag          0x2000017c   Data           4  cpuport.o(.data)
    shell                                    0x20000184   Data           4  shell.o(.data)
    _syscall_table_begin                     0x2000018c   Data           4  symbol.o(.data)
    _syscall_table_end                       0x20000190   Data           4  symbol.o(.data)
    _sysvar_table_begin                      0x20000194   Data           4  symbol.o(.data)
    _sysvar_table_end                        0x20000198   Data           4  symbol.o(.data)
    serial1                                  0x2000019c   Data          84  drv_usart.o(.bss)
    rt_thread_priority_table                 0x20000420   Data         256  scheduler.o(.bss)
    __libspace_start                         0x200005a4   Data          96  libspace.o(.bss)
    __temporary_stack_top$libspace           0x20000604   Data           0  libspace.o(.bss)
    Image$$RW_IRAM1$$ZI$$Limit               0x20000c08   Number         0  anon$$obj.o ABSOLUTE



==============================================================================

Memory Map of the image

  Image Entry point : 0x08000131

  Load Region LR_IROM1 (Base: 0x08000000, Size: 0x00008f20, Max: 0x00080000, ABSOLUTE, COMPRESSED[0x00008dec])

    Execution Region ER_IROM1 (Base: 0x08000000, Size: 0x00008d84, Max: 0x00080000, ABSOLUTE)

    Base Addr    Size         Type   Attr      Idx    E Section Name        Object

    0x08000000   0x00000130   Data   RO         3546    RESET               startup_stm32f103xe.o
    0x08000130   0x00000008   Code   RO         6826  * !!!main             c_w.l(__main.o)
    0x08000138   0x00000034   Code   RO         7005    !!!scatter          c_w.l(__scatter.o)
    0x0800016c   0x0000005a   Code   RO         7003    !!dczerorl2         c_w.l(__dczerorl2.o)
    0x080001c6   0x00000002   PAD
    0x080001c8   0x0000001c   Code   RO         7007    !!handler_zi        c_w.l(__scatter_zi.o)
    0x080001e4   0x00000002   Code   RO         6877    .ARM.Collect$$libinit$$00000000  c_w.l(libinit.o)
    0x080001e6   0x00000000   Code   RO         6881    .ARM.Collect$$libinit$$00000002  c_w.l(libinit2.o)
    0x080001e6   0x00000000   Code   RO         6883    .ARM.Collect$$libinit$$00000004  c_w.l(libinit2.o)
    0x080001e6   0x00000000   Code   RO         6886    .ARM.Collect$$libinit$$0000000A  c_w.l(libinit2.o)
    0x080001e6   0x00000000   Code   RO         6888    .ARM.Collect$$libinit$$0000000C  c_w.l(libinit2.o)
    0x080001e6   0x00000000   Code   RO         6890    .ARM.Collect$$libinit$$0000000E  c_w.l(libinit2.o)
    0x080001e6   0x00000000   Code   RO         6893    .ARM.Collect$$libinit$$00000011  c_w.l(libinit2.o)
    0x080001e6   0x00000000   Code   RO         6895    .ARM.Collect$$libinit$$00000013  c_w.l(libinit2.o)
    0x080001e6   0x00000000   Code   RO         6897    .ARM.Collect$$libinit$$00000015  c_w.l(libinit2.o)
    0x080001e6   0x00000000   Code   RO         6899    .ARM.Collect$$libinit$$00000017  c_w.l(libinit2.o)
    0x080001e6   0x00000000   Code   RO         6901    .ARM.Collect$$libinit$$00000019  c_w.l(libinit2.o)
    0x080001e6   0x00000000   Code   RO         6903    .ARM.Collect$$libinit$$0000001B  c_w.l(libinit2.o)
    0x080001e6   0x00000000   Code   RO         6905    .ARM.Collect$$libinit$$0000001D  c_w.l(libinit2.o)
    0x080001e6   0x00000000   Code   RO         6907    .ARM.Collect$$libinit$$0000001F  c_w.l(libinit2.o)
    0x080001e6   0x00000000   Code   RO         6909    .ARM.Collect$$libinit$$00000021  c_w.l(libinit2.o)
    0x080001e6   0x00000000   Code   RO         6911    .ARM.Collect$$libinit$$00000023  c_w.l(libinit2.o)
    0x080001e6   0x00000000   Code   RO         6913    .ARM.Collect$$libinit$$00000025  c_w.l(libinit2.o)
    0x080001e6   0x00000000   Code   RO         6917    .ARM.Collect$$libinit$$0000002C  c_w.l(libinit2.o)
    0x080001e6   0x00000000   Code   RO         6919    .ARM.Collect$$libinit$$0000002E  c_w.l(libinit2.o)
    0x080001e6   0x00000000   Code   RO         6921    .ARM.Collect$$libinit$$00000030  c_w.l(libinit2.o)
    0x080001e6   0x00000000   Code   RO         6923    .ARM.Collect$$libinit$$00000032  c_w.l(libinit2.o)
    0x080001e6   0x00000002   Code   RO         6924    .ARM.Collect$$libinit$$00000033  c_w.l(libinit2.o)
    0x080001e8   0x00000002   Code   RO         6944    .ARM.Collect$$libshutdown$$00000000  c_w.l(libshutdown.o)
    0x080001ea   0x00000000   Code   RO         6958    .ARM.Collect$$libshutdown$$00000003  c_w.l(libshutdown2.o)
    0x080001ea   0x00000000   Code   RO         6961    .ARM.Collect$$libshutdown$$00000006  c_w.l(libshutdown2.o)
    0x080001ea   0x00000000   Code   RO         6964    .ARM.Collect$$libshutdown$$00000009  c_w.l(libshutdown2.o)
    0x080001ea   0x00000000   Code   RO         6966    .ARM.Collect$$libshutdown$$0000000B  c_w.l(libshutdown2.o)
    0x080001ea   0x00000000   Code   RO         6969    .ARM.Collect$$libshutdown$$0000000E  c_w.l(libshutdown2.o)
    0x080001ea   0x00000002   Code   RO         6970    .ARM.Collect$$libshutdown$$0000000F  c_w.l(libshutdown2.o)
    0x080001ec   0x00000000   Code   RO         6828    .ARM.Collect$$rtentry$$00000000  c_w.l(__rtentry.o)
    0x080001ec   0x00000000   Code   RO         6840    .ARM.Collect$$rtentry$$00000002  c_w.l(__rtentry2.o)
    0x080001ec   0x00000006   Code   RO         6852    .ARM.Collect$$rtentry$$00000004  c_w.l(__rtentry4.o)
    0x080001f2   0x00000000   Code   RO         6842    .ARM.Collect$$rtentry$$00000009  c_w.l(__rtentry2.o)
    0x080001f2   0x00000004   Code   RO         6843    .ARM.Collect$$rtentry$$0000000A  c_w.l(__rtentry2.o)
    0x080001f6   0x00000000   Code   RO         6845    .ARM.Collect$$rtentry$$0000000C  c_w.l(__rtentry2.o)
    0x080001f6   0x00000008   Code   RO         6846    .ARM.Collect$$rtentry$$0000000D  c_w.l(__rtentry2.o)
    0x080001fe   0x00000002   Code   RO         6878    .ARM.Collect$$rtexit$$00000000  c_w.l(rtexit.o)
    0x08000200   0x00000000   Code   RO         6926    .ARM.Collect$$rtexit$$00000002  c_w.l(rtexit2.o)
    0x08000200   0x00000004   Code   RO         6927    .ARM.Collect$$rtexit$$00000003  c_w.l(rtexit2.o)
    0x08000204   0x00000006   Code   RO         6928    .ARM.Collect$$rtexit$$00000004  c_w.l(rtexit2.o)
    0x0800020a   0x00000002   PAD
    0x0800020c   0x00000040   Code   RO         3547    .text               startup_stm32f103xe.o
    0x0800024c   0x000000f4   Code   RO         5039    .text               context_rvds.o
    0x08000340   0x00000058   Code   RO         6802    .text               c_w.l(memcmp.o)
    0x08000398   0x00000048   Code   RO         6804    .text               c_w.l(strcpy.o)
    0x080003e0   0x0000003e   Code   RO         6806    .text               c_w.l(strlen.o)
    0x0800041e   0x00000096   Code   RO         6808    .text               c_w.l(strncmp.o)
    0x080004b4   0x00000018   Code   RO         6810    .text               c_w.l(strcat.o)
    0x080004cc   0x0000008a   Code   RO         6812    .text               c_w.l(rt_memcpy_v6.o)
    0x08000556   0x00000064   Code   RO         6814    .text               c_w.l(rt_memcpy_w.o)
    0x080005ba   0x00000044   Code   RO         6816    .text               c_w.l(rt_memclr.o)
    0x080005fe   0x0000004e   Code   RO         6818    .text               c_w.l(rt_memclr_w.o)
    0x0800064c   0x00000056   Code   RO         6820    .text               c_w.l(strncpy.o)
    0x080006a2   0x00000006   Code   RO         6824    .text               c_w.l(heapauxi.o)
    0x080006a8   0x00000008   Code   RO         6836    .text               c_w.l(libspace.o)
    0x080006b0   0x0000004a   Code   RO         6858    .text               c_w.l(sys_stackheap_outer.o)
    0x080006fa   0x0000000c   Code   RO         6870    .text               c_w.l(exit.o)
    0x08000706   0x00000002   PAD
    0x08000708   0x0000000c   Code   RO         6936    .text               c_w.l(sys_exit.o)
    0x08000714   0x00000002   Code   RO         6947    .text               c_w.l(use_no_semi.o)
    0x08000716   0x00000000   Code   RO         6949    .text               c_w.l(indicate_semi.o)
    0x08000716   0x0000000e   Code   RO         3589    i.$Sub$$main        components.o
    0x08000724   0x00000004   Code   RO          363    i.BusFault_Handler  stm32f1xx_it.o
    0x08000728   0x00000002   Code   RO          364    i.DebugMon_Handler  stm32f1xx_it.o
    0x0800072a   0x00000010   Code   RO           77    i.HAL_Delay         board.o
    0x0800073a   0x00000002   PAD
    0x0800073c   0x00000340   Code   RO         1128    i.HAL_GPIO_Init     stm32f1xx_hal_gpio.o
    0x08000a7c   0x0000001c   Code   RO           78    i.HAL_GetTick       board.o
    0x08000a98   0x00000010   Code   RO          427    i.HAL_IncTick       stm32f1xx_hal.o
    0x08000aa8   0x00000028   Code   RO          428    i.HAL_Init          stm32f1xx_hal.o
    0x08000ad0   0x00000028   Code   RO          429    i.HAL_InitTick      stm32f1xx_hal.o
    0x08000af8   0x00000094   Code   RO           79    i.HAL_MspInit       board.o
    0x08000b8c   0x0000001a   Code   RO          629    i.HAL_NVIC_EnableIRQ  stm32f1xx_hal_cortex.o
    0x08000ba6   0x0000007c   Code   RO          635    i.HAL_NVIC_SetPriority  stm32f1xx_hal_cortex.o
    0x08000c22   0x00000002   PAD
    0x08000c24   0x00000028   Code   RO          636    i.HAL_NVIC_SetPriorityGrouping  stm32f1xx_hal_cortex.o
    0x08000c4c   0x000001a4   Code   RO         1563    i.HAL_RCC_ClockConfig  stm32f1xx_hal_rcc.o
    0x08000df0   0x0000000c   Code   RO         1568    i.HAL_RCC_GetHCLKFreq  stm32f1xx_hal_rcc.o
    0x08000dfc   0x00000020   Code   RO         1570    i.HAL_RCC_GetPCLK1Freq  stm32f1xx_hal_rcc.o
    0x08000e1c   0x00000020   Code   RO         1571    i.HAL_RCC_GetPCLK2Freq  stm32f1xx_hal_rcc.o
    0x08000e3c   0x00000098   Code   RO         1572    i.HAL_RCC_GetSysClockFreq  stm32f1xx_hal_rcc.o
    0x08000ed4   0x00000440   Code   RO         1575    i.HAL_RCC_OscConfig  stm32f1xx_hal_rcc.o
    0x08001314   0x00000028   Code   RO          638    i.HAL_SYSTICK_CLKSourceConfig  stm32f1xx_hal_cortex.o
    0x0800133c   0x00000034   Code   RO          640    i.HAL_SYSTICK_Config  stm32f1xx_hal_cortex.o
    0x08001370   0x00000072   Code   RO         2730    i.HAL_UART_Init     stm32f1xx_hal_uart.o
    0x080013e2   0x00000002   PAD
    0x080013e4   0x00000188   Code   RO          246    i.HAL_UART_MspInit  drv_usart.o
    0x0800156c   0x0000004c   Code   RO          247    i.MX_USART_UART_Init  drv_usart.o
    0x080015b8   0x00000004   Code   RO          365    i.MemManage_Handler  stm32f1xx_it.o
    0x080015bc   0x00000002   Code   RO          366    i.NMI_Handler       stm32f1xx_it.o
    0x080015be   0x00000002   PAD
    0x080015c0   0x00000010   Code   RO          642    i.NVIC_GetPriorityGrouping  stm32f1xx_hal_cortex.o
    0x080015d0   0x00000028   Code   RO          643    i.NVIC_SetPriority  stm32f1xx_hal_cortex.o
    0x080015f8   0x00000028   Code   RO         1576    i.RCC_Delay         stm32f1xx_hal_rcc.o
    0x08001620   0x00000014   Code   RO           82    i.SysTick_Handler   board.o
    0x08001634   0x000000cc   Code   RO           83    i.SystemClock_Config  board.o
    0x08001700   0x00000058   Code   RO         3511    i.SystemInit        system_stm32f1xx.o
    0x08001758   0x000001c8   Code   RO         2757    i.UART_SetConfig    stm32f1xx_hal_uart.o
    0x08001920   0x00000018   Code   RO          248    i.USART1_IRQHandler  drv_usart.o
    0x08001938   0x00000004   Code   RO          367    i.UsageFault_Handler  stm32f1xx_it.o
    0x0800193c   0x0000004c   Code   RO         4116    i.__rt_ffs          kservice.o
    0x08001988   0x00000014   Code   RO         3749    i._has_defunct_thread  idle.o
    0x0800199c   0x000000dc   Code   RO         5591    i._list_device      cmd.o
    0x08001a78   0x000000fc   Code   RO         5592    i._list_event       cmd.o
    0x08001b74   0x00000114   Code   RO         5593    i._list_mailbox     cmd.o
    0x08001c88   0x000000d4   Code   RO         5594    i._list_memheap     cmd.o
    0x08001d5c   0x00000118   Code   RO         5595    i._list_mempool     cmd.o
    0x08001e74   0x000000fc   Code   RO         5596    i._list_msgqueue    cmd.o
    0x08001f70   0x000000c4   Code   RO         5597    i._list_mutex       cmd.o
    0x08002034   0x000000f0   Code   RO         5598    i._list_sem         cmd.o
    0x08002124   0x00000174   Code   RO         5599    i._list_thread      cmd.o
    0x08002298   0x00000114   Code   RO         5600    i._list_timer       cmd.o
    0x080023ac   0x00000098   Code   RO         6572    i._msh_exec_cmd     msh.o
    0x08002444   0x000000c8   Code   RO         4621    i._rt_scheduler_stack_check  scheduler.o
    0x0800250c   0x000000d0   Code   RO         4721    i._rt_thread_init   thread.o
    0x080025dc   0x00000042   Code   RO         4864    i._rt_timer_init    timer.o
    0x0800261e   0x0000002e   Code   RO         4865    i._rt_timer_remove  timer.o
    0x0800264c   0x00000194   Code   RO         5489    i._serial_dma_rx    serial.o
    0x080027e0   0x0000005c   Code   RO         5490    i._serial_dma_tx    serial.o
    0x0800283c   0x00000064   Code   RO         5491    i._serial_fifo_calc_recved_len  serial.o
    0x080028a0   0x000000b8   Code   RO         5492    i._serial_int_rx    serial.o
    0x08002958   0x00000070   Code   RO         5493    i._serial_int_tx    serial.o
    0x080029c8   0x0000005c   Code   RO         5494    i._serial_poll_rx   serial.o
    0x08002a24   0x00000054   Code   RO         5495    i._serial_poll_tx   serial.o
    0x08002a78   0x000000fc   Code   RO         4979    i.bus_fault_track   cpuport.o
    0x08002b74   0x0000000e   Code   RO         6633    i.cmd_free          msh_cmd.o
    0x08002b82   0x0000000e   Code   RO         6634    i.cmd_ps            msh_cmd.o
    0x08002b90   0x00000006   Code   RO         6635    i.cmd_time          msh_cmd.o
    0x08002b96   0x00000002   PAD
    0x08002b98   0x00000074   Code   RO         6669    i.finsh_get_prompt  shell.o
    0x08002c0c   0x00000058   Code   RO         6671    i.finsh_getchar     shell.o
    0x08002c64   0x00000040   Code   RO         6672    i.finsh_rx_ind      shell.o
    0x08002ca4   0x000000dc   Code   RO         6673    i.finsh_set_device  shell.o
    0x08002d80   0x00000048   Code   RO         6676    i.finsh_set_prompt_mode  shell.o
    0x08002dc8   0x00000014   Code   RO         6677    i.finsh_system_function_init  shell.o
    0x08002ddc   0x0000009c   Code   RO         6678    i.finsh_system_init  shell.o
    0x08002e78   0x00000500   Code   RO         6680    i.finsh_thread_entry  shell.o
    0x08003378   0x00000080   Code   RO         4980    i.hard_fault_track  cpuport.o
    0x080033f8   0x00000020   Code   RO         5601    i.hello             cmd.o
    0x08003418   0x00000068   Code   RO         5602    i.list              cmd.o
    0x08003480   0x00000012   Code   RO         5603    i.list_device       cmd.o
    0x08003492   0x00000012   Code   RO         5604    i.list_event        cmd.o
    0x080034a4   0x00000012   Code   RO         5605    i.list_mailbox      cmd.o
    0x080034b6   0x00000002   PAD
    0x080034b8   0x00000078   Code   RO         4320    i.list_mem          mem.o
    0x08003530   0x00000012   Code   RO         5606    i.list_memheap      cmd.o
    0x08003542   0x00000012   Code   RO         5607    i.list_mempool      cmd.o
    0x08003554   0x00000012   Code   RO         5608    i.list_msgqueue     cmd.o
    0x08003566   0x00000012   Code   RO         5609    i.list_mutex        cmd.o
    0x08003578   0x00000012   Code   RO         5610    i.list_sem          cmd.o
    0x0800358a   0x00000012   Code   RO         5611    i.list_thread       cmd.o
    0x0800359c   0x00000012   Code   RO         5612    i.list_timer        cmd.o
    0x080035ae   0x00000002   PAD
    0x080035b0   0x0000002c   Code   RO           84    i.m3_m4_delay_us    board.o
    0x080035dc   0x00000004   Code   RO            1    i.main              main.o
    0x080035e0   0x0000000e   Code   RO         3590    i.main_thread_entry  components.o
    0x080035ee   0x00000002   PAD
    0x080035f0   0x000000e8   Code   RO         4981    i.mem_manage_fault_track  cpuport.o
    0x080036d8   0x000000a0   Code   RO         6573    i.msh_auto_complete  msh.o
    0x08003778   0x0000006c   Code   RO         6574    i.msh_exec          msh.o
    0x080037e4   0x0000005c   Code   RO         6575    i.msh_get_cmd       msh.o
    0x08003840   0x00000080   Code   RO         6576    i.msh_help          msh.o
    0x080038c0   0x00000004   Code   RO         6577    i.msh_is_used       msh.o
    0x080038c4   0x000000f0   Code   RO         6578    i.msh_split         msh.o
    0x080039b4   0x00000046   Code   RO         5613    i.object_name_maxlen  cmd.o
    0x080039fa   0x00000002   PAD
    0x080039fc   0x0000001c   Code   RO         5614    i.object_split      cmd.o
    0x08003a18   0x0000010c   Code   RO         4321    i.plug_holes        mem.o
    0x08003b24   0x0000018c   Code   RO         4118    i.print_number      kservice.o
    0x08003cb0   0x00000050   Code   RO         3591    i.rt_application_init  components.o
    0x08003d00   0x00000074   Code   RO         4119    i.rt_assert_handler  kservice.o
    0x08003d74   0x00000080   Code   RO         4322    i.rt_calloc         mem.o
    0x08003df4   0x00000068   Code   RO         5043    i.rt_completion_done  completion.o
    0x08003e5c   0x00000048   Code   RO         5044    i.rt_completion_init  completion.o
    0x08003ea4   0x00000140   Code   RO         5045    i.rt_completion_wait  completion.o
    0x08003fe4   0x0000001c   Code   RO         3592    i.rt_components_board_init  components.o
    0x08004000   0x0000001c   Code   RO         3593    i.rt_components_init  components.o
    0x0800401c   0x0000000c   Code   RO         4121    i.rt_console_get_device  kservice.o
    0x08004028   0x00000034   Code   RO         4122    i.rt_console_set_device  kservice.o
    0x0800405c   0x00000064   Code   RO         5076    i.rt_data_queue_init  dataqueue.o
    0x080040c0   0x00000080   Code   RO         5077    i.rt_data_queue_peak  dataqueue.o
    0x08004140   0x000001c0   Code   RO         5078    i.rt_data_queue_pop  dataqueue.o
    0x08004300   0x00000160   Code   RO         5079    i.rt_data_queue_push  dataqueue.o
    0x08004460   0x000000ac   Code   RO         3658    i.rt_device_close   device.o
    0x0800450c   0x0000007c   Code   RO         3662    i.rt_device_find    device.o
    0x08004588   0x00000148   Code   RO         3665    i.rt_device_open    device.o
    0x080046d0   0x000000b4   Code   RO         3666    i.rt_device_read    device.o
    0x08004784   0x00000034   Code   RO         3667    i.rt_device_register  device.o
    0x080047b8   0x00000080   Code   RO         3668    i.rt_device_set_rx_indicate  device.o
    0x08004838   0x000000b4   Code   RO         3671    i.rt_device_write   device.o
    0x080048ec   0x0000000c   Code   RO         5496    i.rt_dma_calc_recved_len  serial.o
    0x080048f8   0x0000009c   Code   RO         5497    i.rt_dma_recv_update_get_index  serial.o
    0x08004994   0x000000b4   Code   RO         5498    i.rt_dma_recv_update_put_index  serial.o
    0x08004a48   0x00000020   Code   RO         4623    i.rt_enter_critical  scheduler.o
    0x08004a68   0x0000003c   Code   RO         4624    i.rt_exit_critical  scheduler.o
    0x08004aa4   0x0000020c   Code   RO         4323    i.rt_free           mem.o
    0x08004cb0   0x00000030   Code   RO           85    i.rt_hw_board_init  board.o
    0x08004ce0   0x00000002   Code   RO         4125    i.rt_hw_console_output  kservice.o
    0x08004ce2   0x00000002   PAD
    0x08004ce4   0x00000208   Code   RO         4985    i.rt_hw_hard_fault_exception  cpuport.o
    0x08004eec   0x000001dc   Code   RO         5499    i.rt_hw_serial_isr  serial.o
    0x080050c8   0x00000080   Code   RO         5500    i.rt_hw_serial_register  serial.o
    0x08005148   0x0000004c   Code   RO         4986    i.rt_hw_stack_init  cpuport.o
    0x08005194   0x00000054   Code   RO          249    i.rt_hw_usart_init  drv_usart.o
    0x080051e8   0x00000038   Code   RO         4077    i.rt_interrupt_enter  irq.o
    0x08005220   0x0000000c   Code   RO         4079    i.rt_interrupt_get_nest  irq.o
    0x0800522c   0x00000038   Code   RO         4080    i.rt_interrupt_leave  irq.o
    0x08005264   0x00000018   Code   RO         3809    i.rt_ipc_list_resume  ipc.o
    0x0800527c   0x0000006c   Code   RO         3811    i.rt_ipc_list_suspend  ipc.o
    0x080052e8   0x00000010   Code   RO         3812    i.rt_ipc_object_init  ipc.o
    0x080052f8   0x00000068   Code   RO         4126    i.rt_kprintf        kservice.o
    0x08005360   0x00000006   Code   RO         3813    i.rt_list_init      ipc.o
    0x08005366   0x00000006   Code   RO         4625    i.rt_list_init      scheduler.o
    0x0800536c   0x00000006   Code   RO         4866    i.rt_list_init      timer.o
    0x08005372   0x00000006   Code   RO         5081    i.rt_list_init      dataqueue.o
    0x08005378   0x0000000e   Code   RO         4514    i.rt_list_insert_after  object.o
    0x08005386   0x0000000e   Code   RO         4722    i.rt_list_insert_after  thread.o
    0x08005394   0x0000000e   Code   RO         4867    i.rt_list_insert_after  timer.o
    0x080053a2   0x0000000e   Code   RO         3814    i.rt_list_insert_before  ipc.o
    0x080053b0   0x0000000e   Code   RO         5082    i.rt_list_insert_before  dataqueue.o
    0x080053be   0x00000010   Code   RO         3815    i.rt_list_isempty   ipc.o
    0x080053ce   0x00000010   Code   RO         4868    i.rt_list_isempty   timer.o
    0x080053de   0x00000010   Code   RO         5046    i.rt_list_isempty   completion.o
    0x080053ee   0x00000010   Code   RO         5083    i.rt_list_isempty   dataqueue.o
    0x080053fe   0x00000010   Code   RO         5615    i.rt_list_isempty   cmd.o
    0x0800540e   0x00000014   Code   RO         5616    i.rt_list_len       cmd.o
    0x08005422   0x00000012   Code   RO         4515    i.rt_list_remove    object.o
    0x08005434   0x00000012   Code   RO         4723    i.rt_list_remove    thread.o
    0x08005446   0x00000002   PAD
    0x08005448   0x000002bc   Code   RO         4325    i.rt_malloc         mem.o
    0x08005704   0x0000007c   Code   RO         4130    i.rt_memcpy         kservice.o
    0x08005780   0x00000042   Code   RO         4131    i.rt_memmove        kservice.o
    0x080057c2   0x00000048   Code   RO         4132    i.rt_memset         kservice.o
    0x0800580a   0x00000002   PAD
    0x0800580c   0x000000ec   Code   RO         4516    i.rt_object_allocate  object.o
    0x080058f8   0x000000a0   Code   RO         4518    i.rt_object_delete  object.o
    0x08005998   0x0000005c   Code   RO         4519    i.rt_object_detach  object.o
    0x080059f4   0x00000028   Code   RO         4522    i.rt_object_get_information  object.o
    0x08005a1c   0x00000034   Code   RO         4523    i.rt_object_get_type  object.o
    0x08005a50   0x0000007c   Code   RO         4524    i.rt_object_init    object.o
    0x08005acc   0x0000003c   Code   RO         4525    i.rt_object_is_systemobject  object.o
    0x08005b08   0x000000b8   Code   RO         4626    i.rt_schedule       scheduler.o
    0x08005bc0   0x0000007c   Code   RO         4627    i.rt_schedule_insert_thread  scheduler.o
    0x08005c3c   0x00000080   Code   RO         4628    i.rt_schedule_remove_thread  scheduler.o
    0x08005cbc   0x00000048   Code   RO         3843    i.rt_sem_init       ipc.o
    0x08005d04   0x00000090   Code   RO         3844    i.rt_sem_release    ipc.o
    0x08005d94   0x000001a4   Code   RO         3845    i.rt_sem_take       ipc.o
    0x08005f38   0x00000184   Code   RO         5501    i.rt_serial_close   serial.o
    0x080060bc   0x000000a4   Code   RO         5502    i.rt_serial_control  serial.o
    0x08006160   0x00000048   Code   RO         5503    i.rt_serial_init    serial.o
    0x080061a8   0x0000029c   Code   RO         5504    i.rt_serial_open    serial.o
    0x08006444   0x0000006c   Code   RO         5505    i.rt_serial_read    serial.o
    0x080064b0   0x0000006c   Code   RO         5506    i.rt_serial_write   serial.o
    0x0800651c   0x00000028   Code   RO         4133    i.rt_set_errno      kservice.o
    0x08006544   0x000000b0   Code   RO         4134    i.rt_show_version   kservice.o
    0x080065f4   0x00000012   Code   RO         4140    i.rt_strlen         kservice.o
    0x08006606   0x00000028   Code   RO         4141    i.rt_strncmp        kservice.o
    0x0800662e   0x00000034   Code   RO         4142    i.rt_strncpy        kservice.o
    0x08006662   0x00000002   PAD
    0x08006664   0x00000154   Code   RO         4329    i.rt_system_heap_init  mem.o
    0x080067b8   0x00000050   Code   RO         4630    i.rt_system_scheduler_init  scheduler.o
    0x08006808   0x00000030   Code   RO         4631    i.rt_system_scheduler_start  scheduler.o
    0x08006838   0x0000001c   Code   RO         4869    i.rt_system_timer_init  timer.o
    0x08006854   0x00000002   Code   RO         4870    i.rt_system_timer_thread_init  timer.o
    0x08006856   0x00000050   Code   RO         4725    i.rt_thread_create  thread.o
    0x080068a6   0x00000002   PAD
    0x080068a8   0x00000054   Code   RO         4729    i.rt_thread_exit    thread.o
    0x080068fc   0x00000028   Code   RO         3751    i.rt_thread_idle_entry  idle.o
    0x08006924   0x000000dc   Code   RO         3752    i.rt_thread_idle_excute  idle.o
    0x08006a00   0x0000003c   Code   RO         3754    i.rt_thread_idle_init  idle.o
    0x08006a3c   0x0000007c   Code   RO         4731    i.rt_thread_init    thread.o
    0x08006ab8   0x00000098   Code   RO         4734    i.rt_thread_resume  thread.o
    0x08006b50   0x0000000c   Code   RO         4736    i.rt_thread_self    thread.o
    0x08006b5c   0x000000c0   Code   RO         4738    i.rt_thread_startup  thread.o
    0x08006c1c   0x000000a0   Code   RO         4739    i.rt_thread_suspend  thread.o
    0x08006cbc   0x000000b4   Code   RO         4741    i.rt_thread_timeout  thread.o
    0x08006d70   0x00000064   Code   RO         4742    i.rt_thread_yield   thread.o
    0x08006dd4   0x0000000c   Code   RO         3553    i.rt_tick_get       clock.o
    0x08006de0   0x00000030   Code   RO         3554    i.rt_tick_increase  clock.o
    0x08006e10   0x0000009c   Code   RO         4871    i.rt_timer_check    timer.o
    0x08006eac   0x000000b8   Code   RO         4872    i.rt_timer_control  timer.o
    0x08006f64   0x000000d4   Code   RO         4875    i.rt_timer_detach   timer.o
    0x08007038   0x00000054   Code   RO         4876    i.rt_timer_init     timer.o
    0x0800708c   0x000001c0   Code   RO         4879    i.rt_timer_start    timer.o
    0x0800724c   0x000000c0   Code   RO         4880    i.rt_timer_stop     timer.o
    0x0800730c   0x00000328   Code   RO         4145    i.rt_vsnprintf      kservice.o
    0x08007634   0x00000004   Code   RO         3594    i.rti_board_end     components.o
    0x08007638   0x00000004   Code   RO         3595    i.rti_board_start   components.o
    0x0800763c   0x00000004   Code   RO         3596    i.rti_end           components.o
    0x08007640   0x00000004   Code   RO         3597    i.rti_start         components.o
    0x08007644   0x0000002a   Code   RO         3598    i.rtthread_startup  components.o
    0x0800766e   0x00000002   PAD
    0x08007670   0x00000038   Code   RO         6681    i.shell_auto_complete  shell.o
    0x080076a8   0x00000030   Code   RO         6682    i.shell_handle_history  shell.o
    0x080076d8   0x000000d8   Code   RO         6683    i.shell_push_history  shell.o
    0x080077b0   0x00000030   Code   RO         5617    i.show_wait_queue   cmd.o
    0x080077e0   0x00000026   Code   RO         4147    i.skip_atoi         kservice.o
    0x08007806   0x00000002   PAD
    0x08007808   0x000000e4   Code   RO          250    i.stm32_configure   drv_usart.o
    0x080078ec   0x00000090   Code   RO          251    i.stm32_control     drv_usart.o
    0x0800797c   0x00000044   Code   RO          252    i.stm32_getc        drv_usart.o
    0x080079c0   0x00000044   Code   RO          253    i.stm32_putc        drv_usart.o
    0x08007a04   0x00000020   Code   RO         6579    i.str_common        msh.o
    0x08007a24   0x0000004c   Code   RO          254    i.uart_isr          drv_usart.o
    0x08007a70   0x000000e8   Code   RO         4987    i.usage_fault_track  cpuport.o
    0x08007b58   0x0000000a   Code   RO         5618    i.version           cmd.o
    0x08007b62   0x00000013   Data   RO           87    .constdata          board.o
    0x08007b75   0x00000003   PAD
    0x08007b78   0x0000006f   Data   RO          256    .constdata          drv_usart.o
    0x08007be7   0x00000018   Data   RO         3512    .constdata          system_stm32f1xx.o
    0x08007bff   0x00000014   Data   RO         3599    .constdata          components.o
    0x08007c13   0x000000c9   Data   RO         3672    .constdata          device.o
    0x08007cdc   0x00000016   Data   RO         3757    .constdata          idle.o
    0x08007cf2   0x000001f7   Data   RO         3847    .constdata          ipc.o
    0x08007ee9   0x00000122   Data   RO         4149    .constdata          kservice.o
    0x0800800b   0x00000046   Data   RO         4331    .constdata          mem.o
    0x08008051   0x00000080   Data   RO         4530    .constdata          object.o
    0x080080d1   0x0000004e   Data   RO         4633    .constdata          scheduler.o
    0x0800811f   0x000000b9   Data   RO         4743    .constdata          thread.o
    0x080081d8   0x0000005c   Data   RO         4882    .constdata          timer.o
    0x08008234   0x00000039   Data   RO         5047    .constdata          completion.o
    0x0800826d   0x0000004b   Data   RO         5084    .constdata          dataqueue.o
    0x080082b8   0x0000012a   Data   RO         5507    .constdata          serial.o
    0x080083e2   0x00000002   PAD
    0x080083e4   0x00000050   Data   RO         5619    .constdata          cmd.o
    0x08008434   0x0000000e   Data   RO         6580    .constdata          msh.o
    0x08008442   0x00000087   Data   RO         6685    .constdata          shell.o
    0x080084c9   0x00000003   PAD
    0x080084cc   0x00000045   Data   RO         3848    .conststring        ipc.o
    0x08008511   0x00000003   PAD
    0x08008514   0x000000ed   Data   RO         4332    .conststring        mem.o
    0x08008601   0x00000003   PAD
    0x08008604   0x00000042   Data   RO         4744    .conststring        thread.o
    0x08008646   0x00000002   PAD
    0x08008648   0x0000015d   Data   RO         5620    .conststring        cmd.o
    0x080087a5   0x00000027   Data   RO         4334    .rodata.name        mem.o
    0x080087cc   0x00000385   Data   RO         5621    .rodata.name        cmd.o
    0x08008b51   0x00000021   Data   RO         6581    .rodata.name        msh.o
    0x08008b72   0x0000007b   Data   RO         6636    .rodata.name        msh_cmd.o
    0x08008bed   0x00000003   PAD
    0x08008bf0   0x00000004   Data   RO         3600    .rti_fn.0           components.o
    0x08008bf4   0x00000004   Data   RO         3601    .rti_fn.0.end       components.o
    0x08008bf8   0x00000004   Data   RO          258    .rti_fn.1           drv_usart.o
    0x08008bfc   0x00000004   Data   RO         3602    .rti_fn.1.end       components.o
    0x08008c00   0x00000004   Data   RO         6687    .rti_fn.6           shell.o
    0x08008c04   0x00000004   Data   RO         3603    .rti_fn.6.end       components.o
    0x08008c08   0x0000000c   Data   RO         4335    FSymTab             mem.o
    0x08008c14   0x00000120   Data   RO         5622    FSymTab             cmd.o
    0x08008d34   0x0000000c   Data   RO         6582    FSymTab             msh.o
    0x08008d40   0x00000024   Data   RO         6637    FSymTab             msh_cmd.o
    0x08008d64   0x00000020   Data   RO         7001    Region$$Table       anon$$obj.o


    Execution Region RW_IRAM1 (Base: 0x20000000, Size: 0x00000c08, Max: 0x00010000, ABSOLUTE, COMPRESSED[0x00000068])

    Base Addr    Size         Type   Attr      Idx    E Section Name        Object

    0x20000000   0x00000044   Data   RW          257    .data               drv_usart.o
    0x20000044   0x00000004   Data   RW          434    .data               stm32f1xx_hal.o
    0x20000048   0x00000004   Data   RW         3513    .data               system_stm32f1xx.o
    0x2000004c   0x00000004   Data   RW         3556    .data               clock.o
    0x20000050   0x00000009   Data   RW         4082    .data               irq.o
    0x20000059   0x00000003   PAD
    0x2000005c   0x0000000c   Data   RW         4150    .data               kservice.o
    0x20000068   0x00000020   Data   RW         4333    .data               mem.o
    0x20000088   0x000000b4   Data   RW         4531    .data               object.o
    0x2000013c   0x0000001c   Data   RW         4634    .data               scheduler.o
    0x20000158   0x0000000c   Data   RW         4745    .data               thread.o
    0x20000164   0x00000010   Data   RW         4883    .data               timer.o
    0x20000174   0x00000010   Data   RW         4989    .data               cpuport.o
    0x20000184   0x00000008   Data   RW         6686    .data               shell.o
    0x2000018c   0x00000010   Data   RW         6780    .data               symbol.o
    0x2000019c   0x00000054   Zero   RW          255    .bss                drv_usart.o
    0x200001f0   0x00000190   Zero   RW         3756    .bss                idle.o
    0x20000380   0x00000080   Zero   RW         4148    .bss                kservice.o
    0x20000400   0x00000020   Zero   RW         4330    .bss                mem.o
    0x20000420   0x00000100   Zero   RW         4632    .bss                scheduler.o
    0x20000520   0x00000081   Zero   RW         6684    .bss                shell.o
    0x200005a1   0x00000003   PAD
    0x200005a4   0x00000060   Zero   RW         6837    .bss                c_w.l(libspace.o)
    0x20000604   0x00000004   PAD
    0x20000608   0x00000200   Zero   RW         3545    HEAP                startup_stm32f103xe.o
    0x20000808   0x00000400   Zero   RW         3544    STACK               startup_stm32f103xe.o


==============================================================================

Image component sizes


      Code (inc. data)   RO Data    RW Data    ZI Data      Debug   Object Name

       508         60         19          0          0     447535   board.o
        60         12          0          4          0       1037   clock.o
      3084       1358       1618          0          0      23463   cmd.o
       512        180         57          0          0       5743   completion.o
       222         50         36          0          0       5252   components.o
       244         26          0          0          0        744   context_rvds.o
      1440        724          0         16          0       5038   cpuport.o
      1064        226         75          0          0       6291   dataqueue.o
      1164        512        201          0          0       7836   device.o
      1160        224        115         68         84      31736   drv_usart.o
       340         84         22          0        400       5366   idle.o
       820        182        572          0          0      30223   ipc.o
       124         26          0          9          0       1902   irq.o
      2192        242        290         12        128      12831   kservice.o
         4          0          0          0          0      16605   main.o
      2080        802        358         32         32       6400   mem.o
       916        180         59          0          0       6302   msh.o
        34          0        159          0          0       2791   msh_cmd.o
       796        270        128        180          0       9618   object.o
       862        254         78         28        256       8574   scheduler.o
      3528        758        298          0          0      14903   serial.o
      2336        318        139          8        129      10257   shell.o
        64         26        304          0       1536        868   startup_stm32f103xe.o
        96         14          0          4          0       2425   stm32f1xx_hal.o
       338         22          0          0          0      26509   stm32f1xx_hal_cortex.o
       832         42          0          0          0       1980   stm32f1xx_hal_gpio.o
      1776        110          0          0          0       5648   stm32f1xx_hal_rcc.o
       570          6          0          0          0       1592   stm32f1xx_hal_uart.o
        16          0          0          0          0       1981   stm32f1xx_it.o
         0          0          0         16          0       4989   symbol.o
        88         18         24          4          0       1303   system_stm32f1xx.o
      1324        362        251         12          0      13767   thread.o
      1454        478         92         16          0      11119   timer.o

    ----------------------------------------------------------------------
     30080       7566       4946        412       2568     732628   Object Totals
         0          0         32          0          0          0   (incl. Generated)
        32          0         19          3          3          0   (incl. Padding)

    ----------------------------------------------------------------------

      Code (inc. data)   RO Data    RW Data    ZI Data      Debug   Library Member Name

        90          0          0          0          0          0   __dczerorl2.o
         8          0          0          0          0         68   __main.o
         0          0          0          0          0          0   __rtentry.o
        12          0          0          0          0          0   __rtentry2.o
         6          0          0          0          0          0   __rtentry4.o
        52          8          0          0          0          0   __scatter.o
        28          0          0          0          0          0   __scatter_zi.o
        12          0          0          0          0         72   exit.o
         6          0          0          0          0        152   heapauxi.o
         0          0          0          0          0          0   indicate_semi.o
         2          0          0          0          0          0   libinit.o
         2          0          0          0          0          0   libinit2.o
         2          0          0          0          0          0   libshutdown.o
         2          0          0          0          0          0   libshutdown2.o
         8          4          0          0         96         68   libspace.o
        88          0          0          0          0         76   memcmp.o
        68          0          0          0          0         68   rt_memclr.o
        78          0          0          0          0         80   rt_memclr_w.o
       138          0          0          0          0         68   rt_memcpy_v6.o
       100          0          0          0          0         80   rt_memcpy_w.o
         2          0          0          0          0          0   rtexit.o
        10          0          0          0          0          0   rtexit2.o
        24          0          0          0          0         68   strcat.o
        72          0          0          0          0         80   strcpy.o
        62          0          0          0          0         76   strlen.o
       150          0          0          0          0         80   strncmp.o
        86          0          0          0          0         76   strncpy.o
        12          4          0          0          0         68   sys_exit.o
        74          0          0          0          0         80   sys_stackheap_outer.o
         2          0          0          0          0         68   use_no_semi.o

    ----------------------------------------------------------------------
      1202         16          0          0        100       1328   Library Totals
         6          0          0          0          4          0   (incl. Padding)

    ----------------------------------------------------------------------

      Code (inc. data)   RO Data    RW Data    ZI Data      Debug   Library Name

      1196         16          0          0         96       1328   c_w.l

    ----------------------------------------------------------------------
      1202         16          0          0        100       1328   Library Totals

    ----------------------------------------------------------------------

==============================================================================


      Code (inc. data)   RO Data    RW Data    ZI Data      Debug   

     31282       7582       4946        412       2668     721576   Grand Totals
     31282       7582       4946        104       2668     721576   ELF Image Totals (compressed)
     31282       7582       4946        104          0          0   ROM Totals

==============================================================================

    Total RO  Size (Code + RO Data)                36228 (  35.38kB)
    Total RW  Size (RW Data + ZI Data)              3080 (   3.01kB)
    Total ROM Size (Code + RO Data + RW Data)      36332 (  35.48kB)

==============================================================================

