<html>
<body>
<pre>
<h1>µVision Build Log</h1>
<h2>Tool Versions:</h2>
IDE-Version: ¦ÌVision V5.14.0.0
Copyright (C) 2015 ARM Ltd and ARM Germany GmbH. All rights reserved.
License Information: ldq Windows, HP Inc., LIC=6XJFW-Q85P1-8WG2D-88VQ0-ZMP31-1L9PD
 
Tool Versions:
Toolchain:       MDK-ARM Professional  Version: 5.14.0.0
Toolchain Path:  C:\Keil_v5\ARM\ARMCC\Bin
C Compiler:      Armcc.exe V5.05 update 1 (build 106)
Assembler:       Armasm.exe V5.05 update 1 (build 106)
Linker/Locator:  ArmLink.exe V5.05 update 1 (build 106)
Library Manager: ArmAr.exe V5.05 update 1 (build 106)
Hex Converter:   FromElf.exe V5.05 update 1 (build 106)
CPU DLL:         SARMCM3.DLL V5.14.0.0
Dialog DLL:      DCM.DLL V1.13.1.0
Target DLL:      UL2CM3.DLL V1.155.0.0
Dialog DLL:      TCM.DLL V1.14.4.0
 
<h2>Project:</h2>
Z:\rk-linux\stm32f10_rt_thread\stm32f1_mini_rt.uvprojx
Project File Date:  12/03/2018

<h2>Output:</h2>
Build target 'rt-thead'
compiling main.c...
application\main.c(17): warning:  #111-D: statement is unreachable
      return 0;
application\main.c: 1 warning, 0 errors
linking...
Program Size: Code=31282 RO-data=4946 RW-data=412 ZI-data=2668  
FromELF: creating hex file...
".\build\stm32f1_mini_rt.axf" - 0 Error(s), 1 Warning(s).

<h2>Collection of Component include folders:</h2>
  Z:\rk-linux\stm32f10_rt_thread\RTE
  C:\Keil_v5\ARM\PACK\Keil\STM32F1xx_DFP\1.0.5\Device\Include

<h2>Collection of Component Files used:</h2>
</pre>
</body>
</html>
